###############################################################################
#
# IAR ELF Linker V8.11.3.13950/W32 for ARM                14/May/2025  16:44:01
# Copyright 2007-2017 IAR Systems AB.
#
#    Output file  =  U:\AshtonGraves474\Lab3\task1a\Debug\Exe\task1a.out
#    Map file     =  U:\AshtonGraves474\Lab3\task1a\Debug\List\task1a.map
#    Command line =  
#        -f C:\Users\graveash\AppData\Local\Temp\EW73A1.tmp
#        (U:\AshtonGraves474\Lab3\task1a\Debug\Obj\cstartup_M.o
#        U:\AshtonGraves474\Lab3\task1a\Debug\Obj\Lab3_Inits.o
#        U:\AshtonGraves474\Lab3\task1a\Debug\Obj\Lab3_Task1a.o -o
#        U:\AshtonGraves474\Lab3\task1a\Debug\Exe\task1a.out --redirect
#        _Printf=_PrintfFullNoMb --redirect _Scanf=_ScanfFullNoMb --map
#        U:\AshtonGraves474\Lab3\task1a\Debug\List\task1a.map --config
#        "C:\Program Files (x86)\IAR Systems\Embedded Workbench
#        8.0\arm\config\linker\TexasInstruments\TM4C1294NC.icf" --semihosting
#        --entry __iar_program_start --vfe --text_out locale)
#
###############################################################################

*******************************************************************************
*** RUNTIME MODEL ATTRIBUTES
***

CppFlavor       = *
__SystemLibrary = DLib
__dlib_version  = 6


*******************************************************************************
*** HEAP SELECTION
***

The basic heap was selected because no calls to memory allocation
functions were found in the application outside of system library
functions, and there are calls to deallocation functions in the
application.


*******************************************************************************
*** PLACEMENT SUMMARY
***

"A0":  place at 0x00000000 { ro section .intvec };
"P1":  place in [from 0x00000000 to 0x000fffff] { ro };
define block CSTACK with size = 32K, alignment = 8 { };
define block HEAP with size = 64K, alignment = 8 { };
"P2":  place in [from 0x20000000 to 0x2003ffff] {
          rw, block CSTACK, block HEAP };

  Section          Kind        Address    Size  Object
  -------          ----        -------    ----  ------
"A0":                                    0x208
  .intvec          const    0x00000000   0x208  cstartup_M.o [1]
                          - 0x00000208   0x208

"P1":                                    0xa1a
  .text            ro code  0x00000208   0x398  Lab3_Inits.o [1]
  .text            ro code  0x000005a0   0x246  DblDiv.o [4]
  .text            ro code  0x000007e6     0x2  cstartup_M.o [1]
  .text            ro code  0x000007e8   0x1a2  DblMul.o [4]
  .text            ro code  0x0000098a     0x2  cstartup_M.o [1]
  .text            ro code  0x0000098c   0x118  Lab3_Task1a.o [1]
  .text            ro code  0x00000aa4    0x1a  U32ToDbl.o [4]
  .text            ro code  0x00000abe     0x2  cstartup_M.o [1]
  .text            ro code  0x00000ac0    0x68  DblToFlt.o [4]
  .text            ro code  0x00000b28    0x40  zero_init3.o [5]
  .text            ro code  0x00000b68    0x28  data_init.o [5]
  .text            ro code  0x00000b90    0x22  fpinit_M.o [4]
  .iar.init_table  const    0x00000bb4    0x10  - Linker created -
  .text            ro code  0x00000bc4     0x2  cstartup_M.o [1]
  .text            ro code  0x00000bc8    0x1a  cmain.o [5]
  .text            ro code  0x00000be2     0x4  low_level_init.o [3]
  .text            ro code  0x00000be6     0x4  exit.o [3]
  .text            ro code  0x00000bea     0x2  cstartup_M.o [1]
  .text            ro code  0x00000bec     0xa  cexit.o [5]
  .text            ro code  0x00000bf6     0x2  cstartup_M.o [1]
  .text            ro code  0x00000bf8    0x14  exit.o [6]
  .text            ro code  0x00000c0c    0x10  cstartup_M.o [1]
  .text            ro code  0x00000c1c     0x2  cstartup_M.o [1]
  .text            ro code  0x00000c1e     0x2  cstartup_M.o [1]
  .text            ro code  0x00000c20     0x2  cstartup_M.o [1]
  .rodata          const    0x00000c22     0x0  zero_init3.o [5]
                          - 0x00000c22   0xa1a

"P2", part 1 of 2:                         0x4
  .bss             zero     0x20000000     0x4  Lab3_Task1a.o [1]
                          - 0x20000004     0x4

"P2", part 2 of 2:                      0x8000
  CSTACK                    0x20000008  0x8000  <Block>
    CSTACK         uninit   0x20000008  0x8000  <Block tail>
                          - 0x20008008  0x8000


*******************************************************************************
*** INIT TABLE
***

          Address     Size
          -------     ----
Zero (__iar_zero_init3)
    1 destination range, total size 0x4:
          0x20000000   0x4



*******************************************************************************
*** MODULE SUMMARY
***

    Module            ro code  ro data  rw data
    ------            -------  -------  -------
U:\AshtonGraves474\Lab3\task1a\Debug\Obj: [1]
    Lab3_Inits.o          920
    Lab3_Task1a.o         280                 4
    cstartup_M.o           34      520
    -------------------------------------------
    Total:              1 234      520        4

command line: [2]
    -------------------------------------------
    Total:

dl7M_tln.a: [3]
    exit.o                  4
    low_level_init.o        4
    -------------------------------------------
    Total:                  8

m7M_tls.a: [4]
    DblDiv.o              582
    DblMul.o              418
    DblToFlt.o            104
    U32ToDbl.o             26
    fpinit_M.o             34
    -------------------------------------------
    Total:              1 164

rt7M_tl.a: [5]
    cexit.o                10
    cmain.o                26
    data_init.o            40
    zero_init3.o           64
    -------------------------------------------
    Total:                140

shb_l.a: [6]
    exit.o                 20
    -------------------------------------------
    Total:                 20

    Gaps                    2        2
    Linker created                  16   32 768
-----------------------------------------------
    Grand Total:        2 568      538   32 772


*******************************************************************************
*** ENTRY LIST
***

Entry                      Address   Size  Type      Object
-----                      -------   ----  ----      ------
.iar.init_table$$Base   0x00000bb4          --   Gb  - Linker created -
.iar.init_table$$Limit  0x00000bc4          --   Gb  - Linker created -
?main                   0x00000bc9         Code  Gb  cmain.o [5]
ADC0SS3_Handler         0x00000a55   0x2a  Code  Gb  Lab3_Task1a.o [1]
ADCReadPot_Init         0x00000391   0xf8  Code  Gb  Lab3_Inits.o [1]
ADC_value               0x20000000    0x4  Data  Gb  Lab3_Task1a.o [1]
CSTACK$$Base            0x20000008          --   Gb  - Linker created -
CSTACK$$Limit           0x20008008          --   Gb  - Linker created -
LED_Init                0x0000035f   0x32  Code  Gb  Lab3_Inits.o [1]
PLL_Init                0x00000209  0x156  Code  Gb  Lab3_Inits.o [1]
Region$$Table$$Base     0x00000bb4          --   Gb  - Linker created -
Region$$Table$$Limit    0x00000bc4          --   Gb  - Linker created -
TimerADCTriger_Init     0x00000489   0x88  Code  Gb  Lab3_Inits.o [1]
__aeabi_d2f             0x00000ac1         Code  Gb  DblToFlt.o [4]
__aeabi_ddiv            0x000005a1         Code  Gb  DblDiv.o [4]
__aeabi_dmul            0x000007e9         Code  Gb  DblMul.o [4]
__aeabi_ui2d            0x00000aa5         Code  Gb  U32ToDbl.o [4]
__cmain                 0x00000bc9         Code  Gb  cmain.o [5]
__exit                  0x00000bf9   0x14  Code  Gb  exit.o [6]
__iar_data_init3        0x00000b69   0x28  Code  Gb  data_init.o [5]
__iar_init_vfp          0x00000b91         Code  Gb  fpinit_M.o [4]
__iar_program_start     0x00000c0d   0x10  Code  Gb  cstartup_M.o [1]
__iar_systems$$module {Abs}
                        0x00000001         Data  Gb  command line/config [2]
__iar_zero_init3        0x00000b29   0x40  Code  Gb  zero_init3.o [5]
__low_level_init        0x00000be3    0x4  Code  Gb  low_level_init.o [3]
__vector_table          0x00000000  0x208  Data  Gb  cstartup_M.o [1]
_call_main              0x00000bd5         Code  Gb  cmain.o [5]
_exit                   0x00000bed         Code  Gb  cexit.o [5]
_main                   0x00000bdf         Code  Gb  cmain.o [5]
exit                    0x00000be7    0x4  Code  Gb  exit.o [3]
main                    0x0000098d   0xc8  Code  Gb  Lab3_Task1a.o [1]


[1] = U:\AshtonGraves474\Lab3\task1a\Debug\Obj
[2] = command line
[3] = dl7M_tln.a
[4] = m7M_tls.a
[5] = rt7M_tl.a
[6] = shb_l.a

   2 568 bytes of readonly  code memory
     538 bytes of readonly  data memory
  32 772 bytes of readwrite data memory

Errors: none
Warnings: none
