###############################################################################
#
# IAR ELF Linker V8.11.3.13950/W32 for ARM                24/Apr/2025  17:37:42
# Copyright 2007-2017 IAR Systems AB.
#
#    Output file  =  
#        C:\Users\Quan\Desktop\CSE474\AshtonGraves474\Lab2\task1a\Debug\Exe\task1a.out
#    Map file     =  
#        C:\Users\Quan\Desktop\CSE474\AshtonGraves474\Lab2\task1a\Debug\List\task1a.map
#    Command line =  
#        -f C:\Users\Quan\AppData\Local\Temp\EW4A0F.tmp
#        (C:\Users\Quan\Desktop\CSE474\AshtonGraves474\Lab2\task1a\Debug\Obj\main1a.o
#        C:\Users\Quan\Desktop\CSE474\AshtonGraves474\Lab2\task1a\Debug\Obj\timer.o
#        -o
#        C:\Users\Quan\Desktop\CSE474\AshtonGraves474\Lab2\task1a\Debug\Exe\task1a.out
#        --redirect _Printf=_PrintfFullNoMb --redirect _Scanf=_ScanfFullNoMb
#        --map
#        C:\Users\Quan\Desktop\CSE474\AshtonGraves474\Lab2\task1a\Debug\List\task1a.map
#        --config "C:\Program Files (x86)\IAR Systems\Embedded Workbench
#        8.0\arm\config\linker\TexasInstruments\TM4C1294NC.icf" --semihosting
#        --entry __iar_program_start --vfe --text_out locale)
#
###############################################################################

*******************************************************************************
*** RUNTIME MODEL ATTRIBUTES
***

CppFlavor       = *
__SystemLibrary = DLib
__dlib_version  = 6


*******************************************************************************
*** HEAP SELECTION
***

The basic heap was selected because no calls to memory allocation
functions were found in the application outside of system library
functions, and there are calls to deallocation functions in the
application.


*******************************************************************************
*** PLACEMENT SUMMARY
***

"A0":  place at 0x00000000 { ro section .intvec };
"P1":  place in [from 0x00000000 to 0x000fffff] { ro };
define block CSTACK with size = 32K, alignment = 8 { };
define block HEAP with size = 64K, alignment = 8 { };
"P2":  place in [from 0x20000000 to 0x2003ffff] {
          rw, block CSTACK, block HEAP };

  Section   Kind        Address    Size  Object
  -------   ----        -------    ----  ------
"A0":                              0x40
  .intvec   ro code  0x00000000    0x40  vector_table_M.o [5]
                   - 0x00000040    0x40

"P1":                             0x1e0
  .text     ro code  0x00000040    0xc0  timer.o [1]
  .text     ro code  0x00000100    0xac  main1a.o [1]
  .text     ro code  0x000001ac    0x22  fpinit_M.o [4]
  .text     ro code  0x000001ce     0x2  vector_table_M.o [5]
  .text     ro code  0x000001d0    0x1a  cmain.o [5]
  .text     ro code  0x000001ea     0x4  low_level_init.o [3]
  .text     ro code  0x000001ee     0x4  exit.o [3]
  .text     ro code  0x000001f4     0xa  cexit.o [5]
  .text     ro code  0x00000200    0x14  exit.o [6]
  .text     ro code  0x00000214     0xc  cstartup_M.o [5]
                   - 0x00000220   0x1e0

"P2":                            0x8000
  CSTACK             0x20000000  0x8000  <Block>
    CSTACK  uninit   0x20000000  0x8000  <Block tail>
                   - 0x20008000  0x8000



*******************************************************************************
*** MODULE SUMMARY
***

    Module            ro code  rw data
    ------            -------  -------
C:\Users\Quan\Desktop\CSE474\AshtonGraves474\Lab2\task1a\Debug\Obj: [1]
    main1a.o              172
    timer.o               192
    ----------------------------------
    Total:                364

command line: [2]
    ----------------------------------
    Total:

dl7M_tln.a: [3]
    exit.o                  4
    low_level_init.o        4
    ----------------------------------
    Total:                  8

m7M_tls.a: [4]
    fpinit_M.o             34
    ----------------------------------
    Total:                 34

rt7M_tl.a: [5]
    cexit.o                10
    cmain.o                26
    cstartup_M.o           12
    vector_table_M.o       66
    ----------------------------------
    Total:                114

shb_l.a: [6]
    exit.o                 20
    ----------------------------------
    Total:                 20

    Gaps                    4
    Linker created              32 768
--------------------------------------
    Grand Total:          544   32 768


*******************************************************************************
*** ENTRY LIST
***

Entry                      Address  Size  Type      Object
-----                      -------  ----  ----      ------
?main                   0x000001d1        Code  Gb  cmain.o [5]
CSTACK$$Base            0x20000000         --   Gb  - Linker created -
CSTACK$$Limit           0x20008000         --   Gb  - Linker created -
Region$$Table$$Base     0x00000000         --   Gb  - Linker created -
Region$$Table$$Limit    0x00000000         --   Gb  - Linker created -
__cmain                 0x000001d1        Code  Gb  cmain.o [5]
__exit                  0x00000201  0x14  Code  Gb  exit.o [6]
__iar_init_vfp          0x000001ad        Code  Gb  fpinit_M.o [4]
__iar_program_start     0x00000215        Code  Gb  cstartup_M.o [5]
__iar_systems$$module {Abs}
                        0x00000001        Data  Gb  command line/config [2]
__low_level_init        0x000001eb   0x4  Code  Gb  low_level_init.o [3]
__vector_table          0x00000000        Data  Gb  vector_table_M.o [5]
_call_main              0x000001dd        Code  Gb  cmain.o [5]
_exit                   0x000001f5        Code  Gb  cexit.o [5]
_main                   0x000001e7        Code  Gb  cmain.o [5]
exit                    0x000001ef   0x4  Code  Gb  exit.o [3]
main                    0x00000101  0xac  Code  Gb  main1a.o [1]
timer_init              0x00000041  0x6a  Code  Gb  timer.o [1]
timer_n_secs            0x000000b9  0x24  Code  Gb  timer.o [1]
timer_on                0x000000ab   0xe  Code  Gb  timer.o [1]


[1] = C:\Users\Quan\Desktop\CSE474\AshtonGraves474\Lab2\task1a\Debug\Obj
[2] = command line
[3] = dl7M_tln.a
[4] = m7M_tls.a
[5] = rt7M_tl.a
[6] = shb_l.a

     544 bytes of readonly  code memory
  32 768 bytes of readwrite data memory

Errors: none
Warnings: none
