###############################################################################
#
# IAR ELF Linker V8.11.3.13950/W32 for ARM                02/May/2025  14:09:14
# Copyright 2007-2017 IAR Systems AB.
#
#    Output file  =  U:\AshtonGraves474\Lab2\task2b\Debug\Exe\task2b.out
#    Map file     =  U:\AshtonGraves474\Lab2\task2b\Debug\List\task2b.map
#    Command line =  
#        -f C:\Users\graveash\AppData\Local\Temp\EW880D.tmp
#        (U:\AshtonGraves474\Lab2\task2b\Debug\Obj\cstartup_M.o
#        U:\AshtonGraves474\Lab2\task2b\Debug\Obj\main2b.o
#        U:\AshtonGraves474\Lab2\task2b\Debug\Obj\timer_t2b.o -o
#        U:\AshtonGraves474\Lab2\task2b\Debug\Exe\task2b.out --redirect
#        _Printf=_PrintfFullNoMb --redirect _Scanf=_ScanfFullNoMb --map
#        U:\AshtonGraves474\Lab2\task2b\Debug\List\task2b.map --config
#        "C:\Program Files (x86)\IAR Systems\Embedded Workbench
#        8.0\arm\config\linker\TexasInstruments\TM4C1294NC.icf" --semihosting
#        --entry __iar_program_start --vfe --text_out locale)
#
###############################################################################

*******************************************************************************
*** RUNTIME MODEL ATTRIBUTES
***

CppFlavor       = *
__SystemLibrary = DLib
__dlib_version  = 6


*******************************************************************************
*** HEAP SELECTION
***

The basic heap was selected because no calls to memory allocation
functions were found in the application outside of system library
functions, and there are calls to deallocation functions in the
application.


*******************************************************************************
*** PLACEMENT SUMMARY
***

"A0":  place at 0x00000000 { ro section .intvec };
"P1":  place in [from 0x00000000 to 0x000fffff] { ro };
define block CSTACK with size = 32K, alignment = 8 { };
define block HEAP with size = 64K, alignment = 8 { };
"P2":  place in [from 0x20000000 to 0x2003ffff] {
          rw, block CSTACK, block HEAP };

  Section   Kind        Address    Size  Object
  -------   ----        -------    ----  ------
"A0":                             0x110
  .intvec   const    0x00000000   0x110  cstartup_M.o [1]
                   - 0x00000110   0x110

"P1":                             0x284
  .text     ro code  0x00000110    0xec  main2b.o [1]
  .text     ro code  0x000001fc    0xac  timer_t2b.o [1]
  .text     ro code  0x000002a8    0x68  main2b.o [1]
  .text     ro code  0x00000310    0x22  fpinit_M.o [4]
  .text     ro code  0x00000332     0x2  cstartup_M.o [1]
  .text     ro code  0x00000334    0x1a  cmain.o [5]
  .text     ro code  0x0000034e     0x4  low_level_init.o [3]
  .text     ro code  0x00000352     0x4  exit.o [3]
  .text     ro code  0x00000356     0x2  cstartup_M.o [1]
  .text     ro code  0x00000358     0xa  cexit.o [5]
  .text     ro code  0x00000362     0x2  cstartup_M.o [1]
  .text     ro code  0x00000364    0x14  exit.o [6]
  .text     ro code  0x00000378    0x10  cstartup_M.o [1]
  .text     ro code  0x00000388     0x2  cstartup_M.o [1]
  .text     ro code  0x0000038a     0x2  cstartup_M.o [1]
  .text     ro code  0x0000038c     0x2  cstartup_M.o [1]
  .text     ro code  0x0000038e     0x2  cstartup_M.o [1]
  .text     ro code  0x00000390     0x2  cstartup_M.o [1]
  .text     ro code  0x00000392     0x2  cstartup_M.o [1]
                   - 0x00000394   0x284

"P2":                            0x8000
  CSTACK             0x20000000  0x8000  <Block>
    CSTACK  uninit   0x20000000  0x8000  <Block tail>
                   - 0x20008000  0x8000



*******************************************************************************
*** MODULE SUMMARY
***

    Module            ro code  ro data  rw data
    ------            -------  -------  -------
U:\AshtonGraves474\Lab2\task2b\Debug\Obj: [1]
    cstartup_M.o           34      272
    main2b.o              340
    timer_t2b.o           172
    -------------------------------------------
    Total:                546      272

command line: [2]
    -------------------------------------------
    Total:

dl7M_tln.a: [3]
    exit.o                  4
    low_level_init.o        4
    -------------------------------------------
    Total:                  8

m7M_tls.a: [4]
    fpinit_M.o             34
    -------------------------------------------
    Total:                 34

rt7M_tl.a: [5]
    cexit.o                10
    cmain.o                26
    -------------------------------------------
    Total:                 36

shb_l.a: [6]
    exit.o                 20
    -------------------------------------------
    Total:                 20

    Linker created                       32 768
-----------------------------------------------
    Grand Total:          644      272   32 768


*******************************************************************************
*** ENTRY LIST
***

Entry                      Address   Size  Type      Object
-----                      -------   ----  ----      ------
?main                   0x00000335         Code  Gb  cmain.o [5]
CSTACK$$Base            0x20000000          --   Gb  - Linker created -
CSTACK$$Limit           0x20008000          --   Gb  - Linker created -
Region$$Table$$Base     0x00000000          --   Gb  - Linker created -
Region$$Table$$Limit    0x00000000          --   Gb  - Linker created -
SW_Handler              0x000002a9   0x68  Code  Wk  main2b.o [1]
Timer0A_Handler         0x000001cd   0x30  Code  Wk  main2b.o [1]
__cmain                 0x00000335         Code  Gb  cmain.o [5]
__exit                  0x00000365   0x14  Code  Gb  exit.o [6]
__iar_init_vfp          0x00000311         Code  Gb  fpinit_M.o [4]
__iar_program_start     0x00000379   0x10  Code  Gb  cstartup_M.o [1]
__iar_systems$$module {Abs}
                        0x00000001         Data  Gb  command line/config [2]
__low_level_init        0x0000034f    0x4  Code  Gb  low_level_init.o [3]
__vector_table          0x00000000  0x110  Data  Gb  cstartup_M.o [1]
_call_main              0x00000341         Code  Gb  cmain.o [5]
_exit                   0x00000359         Code  Gb  cexit.o [5]
_main                   0x0000034b         Code  Gb  cmain.o [5]
exit                    0x00000353    0x4  Code  Gb  exit.o [3]
main                    0x00000111   0xbc  Code  Gb  main2b.o [1]
timer_init              0x000001fd   0x88  Code  Gb  timer_t2b.o [1]


[1] = U:\AshtonGraves474\Lab2\task2b\Debug\Obj
[2] = command line
[3] = dl7M_tln.a
[4] = m7M_tls.a
[5] = rt7M_tl.a
[6] = shb_l.a

     644 bytes of readonly  code memory
     272 bytes of readonly  data memory
  32 768 bytes of readwrite data memory

Errors: none
Warnings: none
