###############################################################################
#
# IAR ELF Linker V8.11.3.13950/W32 for ARM                26/Apr/2025  19:01:46
# Copyright 2007-2017 IAR Systems AB.
#
#    Output file  =  C:\AshtonGraves474\Lab2\task1b\Debug\Exe\task1b.out
#    Map file     =  C:\AshtonGraves474\Lab2\task1b\Debug\List\task1b.map
#    Command line =  
#        -f C:\Users\aaron\AppData\Local\Temp\EWC0EB.tmp
#        (C:\AshtonGraves474\Lab2\task1b\Debug\Obj\led.o
#        C:\AshtonGraves474\Lab2\task1b\Debug\Obj\main1b.o
#        C:\AshtonGraves474\Lab2\task1b\Debug\Obj\switch.o
#        C:\AshtonGraves474\Lab2\task1b\Debug\Obj\TickFct_TrafficLight.o
#        C:\AshtonGraves474\Lab2\task1b\Debug\Obj\timer.o -o
#        C:\AshtonGraves474\Lab2\task1b\Debug\Exe\task1b.out --redirect
#        _Printf=_PrintfFullNoMb --redirect _Scanf=_ScanfFullNoMb --map
#        C:\AshtonGraves474\Lab2\task1b\Debug\List\task1b.map --config
#        "C:\Program Files (x86)\IAR Systems\Embedded Workbench
#        8.0\arm\config\linker\TexasInstruments\TM4C1294NC.icf" --semihosting
#        --entry __iar_program_start --vfe --text_out locale)
#
###############################################################################

*******************************************************************************
*** RUNTIME MODEL ATTRIBUTES
***

CppFlavor       = *
__SystemLibrary = DLib
__dlib_version  = 6


*******************************************************************************
*** HEAP SELECTION
***

The basic heap was selected because no calls to memory allocation
functions were found in the application outside of system library
functions, and there are calls to deallocation functions in the
application.


*******************************************************************************
*** PLACEMENT SUMMARY
***

"A0":  place at 0x00000000 { ro section .intvec };
"P1":  place in [from 0x00000000 to 0x000fffff] { ro };
define block CSTACK with size = 32K, alignment = 8 { };
define block HEAP with size = 64K, alignment = 8 { };
"P2":  place in [from 0x20000000 to 0x2003ffff] {
          rw, block CSTACK, block HEAP };

  Section          Kind        Address    Size  Object
  -------          ----        -------    ----  ------
"A0":                                     0x40
  .intvec          ro code  0x00000000    0x40  vector_table_M.o [5]
                          - 0x00000040    0x40

"P1":                                    0x608
  .text            ro code  0x00000040   0x1d0  timer.o [1]
  .text            ro code  0x00000210   0x120  TickFct_TrafficLight.o [1]
  .text            ro code  0x00000330    0xcc  led.o [1]
  .text            ro code  0x000003fc   0x118  switch.o [1]
  .text            ro code  0x00000514    0x46  main1b.o [1]
  .text            ro code  0x0000055a    0x40  zero_init3.o [5]
  .text            ro code  0x0000059a     0x2  vector_table_M.o [5]
  .text            ro code  0x0000059c    0x28  data_init.o [5]
  .text            ro code  0x000005c4    0x22  fpinit_M.o [4]
  .iar.init_table  const    0x000005e8    0x10  - Linker created -
  .text            ro code  0x000005f8    0x1a  cmain.o [5]
  .text            ro code  0x00000612     0x4  low_level_init.o [3]
  .text            ro code  0x00000616     0x4  exit.o [3]
  .text            ro code  0x0000061c     0xa  cexit.o [5]
  .text            ro code  0x00000628    0x14  exit.o [6]
  .text            ro code  0x0000063c     0xc  cstartup_M.o [5]
  .rodata          const    0x00000648     0x0  zero_init3.o [5]
                          - 0x00000648   0x608

"P2", part 1 of 2:                         0x4
  .bss             zero     0x20000000     0x1  switch.o [1]
  .bss             zero     0x20000001     0x1  switch.o [1]
  .bss             zero     0x20000002     0x1  TickFct_TrafficLight.o [1]
  .bss             zero     0x20000003     0x1  TickFct_TrafficLight.o [1]
                          - 0x20000004     0x4

"P2", part 2 of 2:                      0x8000
  CSTACK                    0x20000008  0x8000  <Block>
    CSTACK         uninit   0x20000008  0x8000  <Block tail>
                          - 0x20008008  0x8000


*******************************************************************************
*** INIT TABLE
***

          Address     Size
          -------     ----
Zero (__iar_zero_init3)
    1 destination range, total size 0x4:
          0x20000000   0x4



*******************************************************************************
*** MODULE SUMMARY
***

    Module                  ro code  ro data  rw data
    ------                  -------  -------  -------
C:\AshtonGraves474\Lab2\task1b\Debug\Obj: [1]
    TickFct_TrafficLight.o      288                 2
    led.o                       204
    main1b.o                     70
    switch.o                    280                 2
    timer.o                     464
    -------------------------------------------------
    Total:                    1 306                 4

command line: [2]
    -------------------------------------------------
    Total:

dl7M_tln.a: [3]
    exit.o                        4
    low_level_init.o              4
    -------------------------------------------------
    Total:                        8

m7M_tls.a: [4]
    fpinit_M.o                   34
    -------------------------------------------------
    Total:                       34

rt7M_tl.a: [5]
    cexit.o                      10
    cmain.o                      26
    cstartup_M.o                 12
    data_init.o                  40
    vector_table_M.o             66
    zero_init3.o                 64
    -------------------------------------------------
    Total:                      218

shb_l.a: [6]
    exit.o                       20
    -------------------------------------------------
    Total:                       20

    Gaps                          4        2
    Linker created                        16   32 768
-----------------------------------------------------
    Grand Total:              1 590       18   32 772


*******************************************************************************
*** ENTRY LIST
***

Entry                      Address   Size  Type      Object
-----                      -------   ----  ----      ------
.iar.init_table$$Base   0x000005e8          --   Gb  - Linker created -
.iar.init_table$$Limit  0x000005f8          --   Gb  - Linker created -
?main                   0x000005f9         Code  Gb  cmain.o [5]
CSTACK$$Base            0x20000008          --   Gb  - Linker created -
CSTACK$$Limit           0x20008008          --   Gb  - Linker created -
LED_init                0x00000331   0x62  Code  Gb  led.o [1]
LED_off                 0x000003d5    0xe  Code  Gb  led.o [1]
LED_on                  0x00000393   0x42  Code  Gb  led.o [1]
Region$$Table$$Base     0x000005e8          --   Gb  - Linker created -
Region$$Table$$Limit    0x000005f8          --   Gb  - Linker created -
TL_State                0x20000002    0x1  Data  Gb  TickFct_TrafficLight.o [1]
TickFct_TrafficLight    0x00000211  0x120  Code  Gb  TickFct_TrafficLight.o [1]
TickFct_TrafficLight::lastState
                        0x20000003    0x1  Data  Lc  TickFct_TrafficLight.o [1]
__cmain                 0x000005f9         Code  Gb  cmain.o [5]
__exit                  0x00000629   0x14  Code  Gb  exit.o [6]
__iar_data_init3        0x0000059d   0x28  Code  Gb  data_init.o [5]
__iar_init_vfp          0x000005c5         Code  Gb  fpinit_M.o [4]
__iar_program_start     0x0000063d         Code  Gb  cstartup_M.o [5]
__iar_systems$$module {Abs}
                        0x00000001         Data  Gb  command line/config [2]
__iar_zero_init3        0x0000055b   0x40  Code  Gb  zero_init3.o [5]
__low_level_init        0x00000613    0x4  Code  Gb  low_level_init.o [3]
__vector_table          0x00000000         Data  Gb  vector_table_M.o [5]
_call_main              0x00000605         Code  Gb  cmain.o [5]
_exit                   0x0000061d         Code  Gb  cexit.o [5]
_main                   0x0000060f         Code  Gb  cmain.o [5]
exit                    0x00000617    0x4  Code  Gb  exit.o [3]
extern_switch_init      0x000003fd   0x5c  Code  Gb  switch.o [1]
main                    0x00000515   0x46  Code  Gb  main1b.o [1]
switch_input            0x00000459   0x9c  Code  Gb  switch.o [1]
switch_input::ped_prev  0x20000001    0x1  Data  Lc  switch.o [1]
switch_input::pwr_prev  0x20000000    0x1  Data  Lc  switch.o [1]
timer0_init             0x00000041   0x6a  Code  Gb  timer.o [1]
timer1_init             0x000000ab   0x6a  Code  Gb  timer.o [1]
timer_expired           0x000001a1   0x36  Code  Gb  timer.o [1]
timer_off               0x00000139   0x24  Code  Gb  timer.o [1]
timer_on                0x00000115   0x24  Code  Gb  timer.o [1]
timer_sec_repeat        0x0000015d   0x44  Code  Gb  timer.o [1]


[1] = C:\AshtonGraves474\Lab2\task1b\Debug\Obj
[2] = command line
[3] = dl7M_tln.a
[4] = m7M_tls.a
[5] = rt7M_tl.a
[6] = shb_l.a

   1 590 bytes of readonly  code memory
      18 bytes of readonly  data memory
  32 772 bytes of readwrite data memory

Errors: none
Warnings: none
