###############################################################################
#
# IAR ELF Linker V8.11.3.13950/W32 for ARM                15/May/2025  19:20:25
# Copyright 2007-2017 IAR Systems AB.
#
#    Output file  =  U:\AshtonGraves474\Lab3\task2b\Debug\Exe\task2b.out
#    Map file     =  U:\AshtonGraves474\Lab3\task2b\Debug\List\task2b.map
#    Command line =  
#        -f C:\Users\graveash\AppData\Local\Temp\EW9ED2.tmp
#        (U:\AshtonGraves474\Lab3\task2b\Debug\Obj\cstartup_Mt2b.o
#        U:\AshtonGraves474\Lab3\task2b\Debug\Obj\Lab3t2b_Inits.o
#        U:\AshtonGraves474\Lab3\task2b\Debug\Obj\main2b.o -o
#        U:\AshtonGraves474\Lab3\task2b\Debug\Exe\task2b.out --redirect
#        _Printf=_PrintfFullNoMb --redirect _Scanf=_ScanfFullNoMb --map
#        U:\AshtonGraves474\Lab3\task2b\Debug\List\task2b.map --config
#        "C:\Program Files (x86)\IAR Systems\Embedded Workbench
#        8.0\arm\config\linker\TexasInstruments\TM4C1294NC.icf" --semihosting
#        --entry __iar_program_start --vfe --text_out locale)
#
###############################################################################

*******************************************************************************
*** RUNTIME MODEL ATTRIBUTES
***

CppFlavor       = *
__SystemLibrary = DLib
__dlib_version  = 6


*******************************************************************************
*** HEAP SELECTION
***

The basic heap was selected because no calls to memory allocation
functions were found in the application outside of system library
functions, and there are calls to deallocation functions in the
application.


*******************************************************************************
*** PLACEMENT SUMMARY
***

"A0":  place at 0x00000000 { ro section .intvec };
"P1":  place in [from 0x00000000 to 0x000fffff] { ro };
define block CSTACK with size = 32K, alignment = 8 { };
define block HEAP with size = 64K, alignment = 8 { };
"P2":  place in [from 0x20000000 to 0x2003ffff] {
          rw, block CSTACK, block HEAP };

  Section          Kind        Address    Size  Object
  -------          ----        -------    ----  ------
"A0":                                     0xc8
  .intvec          const    0x00000000    0xc8  cstartup_Mt2b.o [1]
                          - 0x000000c8    0xc8

"P1":                                    0x2b4
  .text            ro code  0x000000c8   0x158  Lab3t2b_Inits.o [1]
  .text            ro code  0x00000220    0x5c  main2b.o [1]
  .text            ro code  0x0000027c    0x40  zero_init3.o [5]
  .text            ro code  0x000002bc    0x28  data_init.o [5]
  .text            ro code  0x000002e4    0x22  fpinit_M.o [4]
  .iar.init_table  const    0x00000308    0x10  - Linker created -
  .text            ro code  0x00000318     0x2  cstartup_Mt2b.o [1]
  .text            ro code  0x0000031c    0x1a  cmain.o [5]
  .text            ro code  0x00000336     0x4  low_level_init.o [3]
  .text            ro code  0x0000033a     0x4  exit.o [3]
  .text            ro code  0x0000033e     0x2  cstartup_Mt2b.o [1]
  .text            ro code  0x00000340     0xa  cexit.o [5]
  .text            ro code  0x0000034a     0x2  cstartup_Mt2b.o [1]
  .text            ro code  0x0000034c    0x14  exit.o [6]
  .text            ro code  0x00000360    0x10  cstartup_Mt2b.o [1]
  .text            ro code  0x00000370     0x2  cstartup_Mt2b.o [1]
  .text            ro code  0x00000372     0x2  cstartup_Mt2b.o [1]
  .text            ro code  0x00000374     0x2  cstartup_Mt2b.o [1]
  .text            ro code  0x00000376     0x2  cstartup_Mt2b.o [1]
  .text            ro code  0x00000378     0x2  cstartup_Mt2b.o [1]
  .text            ro code  0x0000037a     0x2  cstartup_Mt2b.o [1]
  .rodata          const    0x0000037c     0x0  zero_init3.o [5]
                          - 0x0000037c   0x2b4

"P2", part 1 of 2:                         0x4
  .bss             zero     0x20000000     0x1  main2b.o [1]
                          - 0x20000001     0x1

"P2", part 2 of 2:                      0x8000
  CSTACK                    0x20000008  0x8000  <Block>
    CSTACK         uninit   0x20000008  0x8000  <Block tail>
                          - 0x20008008  0x8000


*******************************************************************************
*** INIT TABLE
***

          Address     Size
          -------     ----
Zero (__iar_zero_init3)
    1 destination range, total size 0x1:
          0x20000000   0x1



*******************************************************************************
*** MODULE SUMMARY
***

    Module            ro code  ro data  rw data
    ------            -------  -------  -------
U:\AshtonGraves474\Lab3\task2b\Debug\Obj: [1]
    Lab3t2b_Inits.o       344
    cstartup_Mt2b.o        34      200
    main2b.o               92                 1
    -------------------------------------------
    Total:                470      200        1

command line: [2]
    -------------------------------------------
    Total:

dl7M_tlf.a: [3]
    exit.o                  4
    low_level_init.o        4
    -------------------------------------------
    Total:                  8

m7M_tls.a: [4]
    fpinit_M.o             34
    -------------------------------------------
    Total:                 34

rt7M_tl.a: [5]
    cexit.o                10
    cmain.o                26
    data_init.o            40
    zero_init3.o           64
    -------------------------------------------
    Total:                140

shb_l.a: [6]
    exit.o                 20
    -------------------------------------------
    Total:                 20

    Gaps                    2        2
    Linker created                  16   32 768
-----------------------------------------------
    Grand Total:          674      218   32 769


*******************************************************************************
*** ENTRY LIST
***

Entry                      Address  Size  Type      Object
-----                      -------  ----  ----      ------
.iar.init_table$$Base   0x00000308         --   Gb  - Linker created -
.iar.init_table$$Limit  0x00000318         --   Gb  - Linker created -
?main                   0x0000031d        Code  Gb  cmain.o [5]
CSTACK$$Base            0x20000008         --   Gb  - Linker created -
CSTACK$$Limit           0x20008008         --   Gb  - Linker created -
LED_Init                0x000000c9  0x46  Code  Gb  Lab3t2b_Inits.o [1]
Region$$Table$$Base     0x00000308         --   Gb  - Linker created -
Region$$Table$$Limit    0x00000318         --   Gb  - Linker created -
UART2_Handler           0x0000022d  0x50  Code  Wk  main2b.o [1]
UART_Init               0x0000010f  0xbe  Code  Gb  Lab3t2b_Inits.o [1]
__cmain                 0x0000031d        Code  Gb  cmain.o [5]
__exit                  0x0000034d  0x14  Code  Gb  exit.o [6]
__iar_data_init3        0x000002bd  0x28  Code  Gb  data_init.o [5]
__iar_init_vfp          0x000002e5        Code  Gb  fpinit_M.o [4]
__iar_program_start     0x00000361  0x10  Code  Gb  cstartup_Mt2b.o [1]
__iar_systems$$module {Abs}
                        0x00000001        Data  Gb  command line/config [2]
__iar_zero_init3        0x0000027d  0x40  Code  Gb  zero_init3.o [5]
__low_level_init        0x00000337   0x4  Code  Gb  low_level_init.o [3]
__vector_table          0x00000000  0xc8  Data  Gb  cstartup_Mt2b.o [1]
_call_main              0x00000329        Code  Gb  cmain.o [5]
_exit                   0x00000341        Code  Gb  cexit.o [5]
_main                   0x00000333        Code  Gb  cmain.o [5]
c                       0x20000000   0x1  Data  Gb  main2b.o [1]
exit                    0x0000033b   0x4  Code  Gb  exit.o [3]
main                    0x00000221   0xc  Code  Gb  main2b.o [1]


[1] = U:\AshtonGraves474\Lab3\task2b\Debug\Obj
[2] = command line
[3] = dl7M_tlf.a
[4] = m7M_tls.a
[5] = rt7M_tl.a
[6] = shb_l.a

     674 bytes of readonly  code memory
     218 bytes of readonly  data memory
  32 769 bytes of readwrite data memory

Errors: none
Warnings: none
