###############################################################################
#
# IAR ELF Linker V8.11.3.13950/W32 for ARM                21/May/2025  13:09:54
# Copyright 2007-2017 IAR Systems AB.
#
#    Output file  =  U:\AshtonGraves474\Lab3\task2a\Debug\Exe\task2a.out
#    Map file     =  U:\AshtonGraves474\Lab3\task2a\Debug\List\task2a.map
#    Command line =  
#        -f C:\Users\graveash\AppData\Local\Temp\EWDDD7.tmp
#        (U:\AshtonGraves474\Lab3\task2a\Debug\Obj\cstartup_Mt2a.o
#        U:\AshtonGraves474\Lab3\task2a\Debug\Obj\Lab3t2a_Inits.o
#        U:\AshtonGraves474\Lab3\task2a\Debug\Obj\main2a.o -o
#        U:\AshtonGraves474\Lab3\task2a\Debug\Exe\task2a.out --redirect
#        _Printf=_PrintfFullNoMb --redirect _Scanf=_ScanfFullNoMb --map
#        U:\AshtonGraves474\Lab3\task2a\Debug\List\task2a.map --config
#        "C:\Program Files (x86)\IAR Systems\Embedded Workbench
#        8.0\arm\config\linker\TexasInstruments\TM4C1294NC.icf" --semihosting
#        --entry __iar_program_start --vfe --text_out locale)
#
###############################################################################

*******************************************************************************
*** RUNTIME MODEL ATTRIBUTES
***

CppFlavor       = *
__SystemLibrary = DLib
__dlib_version  = 6


*******************************************************************************
*** HEAP SELECTION
***

The basic heap was selected because no calls to memory allocation
functions were found in the application outside of system library
functions, and there are calls to deallocation functions in the
application.


*******************************************************************************
*** PLACEMENT SUMMARY
***

"A0":  place at 0x00000000 { ro section .intvec };
"P1":  place in [from 0x00000000 to 0x000fffff] { ro };
define block CSTACK with size = 32K, alignment = 8 { };
define block HEAP with size = 64K, alignment = 8 { };
"P2":  place in [from 0x20000000 to 0x2003ffff] {
          rw, block CSTACK, block HEAP };
initialize by copy { rw };

  Section            Kind        Address    Size  Object
  -------            ----        -------    ----  ------
"A0":                                      0x208
  .intvec            const    0x00000000   0x208  cstartup_Mt2a.o [1]
                            - 0x00000208   0x208

"P1":                                     0x2284
  .text              ro code  0x00000208   0xe0e  xprintffull_nomb.o [3]
  .text              ro code  0x00001016    0x1a  xsnprout.o [3]
  .text              ro code  0x00001030    0x16  strchr.o [5]
  .text              ro code  0x00001046     0x2  cstartup_Mt2a.o [1]
  .text              ro code  0x00001048    0x44  xfail_s.o [3]
  .text              ro code  0x0000108c    0x36  strlen.o [5]
  .text              ro code  0x000010c2     0x2  cstartup_Mt2a.o [1]
  .text              ro code  0x000010c4    0x58  memchr.o [5]
  .text              ro code  0x0000111c    0xee  I64DivMod.o [5]
  .text              ro code  0x0000120a     0x2  cstartup_Mt2a.o [1]
  .text              ro code  0x0000120c   0x1a2  DblMul.o [4]
  .text              ro code  0x000013ae     0x2  cstartup_Mt2a.o [1]
  .text              ro code  0x000013b0    0x76  ABImemcpy_unaligned.o [5]
  .text              ro code  0x00001426     0x2  cstartup_Mt2a.o [1]
  .text              ro code  0x00001428    0x70  frexp.o [4]
  .text              ro code  0x00001498    0x2e  DblCmpLe.o [4]
  .text              ro code  0x000014c6     0x2  cstartup_Mt2a.o [1]
  .text              ro code  0x000014c8    0x2e  DblCmpGe.o [4]
  .text              ro code  0x000014f6     0x2  cstartup_Mt2a.o [1]
  .text              ro code  0x000014f8   0x13a  ldexp.o [4]
  .text              ro code  0x00001632     0x2  cstartup_Mt2a.o [1]
  .text              ro code  0x00001634    0x3a  DblToS32.o [4]
  .text              ro code  0x0000166e     0x2  cstartup_Mt2a.o [1]
  .text              ro code  0x00001670    0x22  S32ToDbl.o [4]
  .text              ro code  0x00001694    0xe2  DblSub.o [4]
  .text              ro code  0x00001778   0x246  DblDiv.o [4]
  .text              ro code  0x000019c0    0x28  DblToU32.o [4]
  .text              ro code  0x000019e8    0x1a  U32ToDbl.o [4]
  .text              ro code  0x00001a04     0x8  xlocale_c.o [3]
  .text              ro code  0x00001a0c     0x6  abort.o [3]
  .text              ro code  0x00001a14     0x2  I64DivZer.o [5]
  .text              ro code  0x00001a18   0x168  DblAdd.o [4]
  .text              ro code  0x00001b80    0x14  exit.o [6]
  .text              ro code  0x00001b94   0x578  Lab3t2a_Inits.o [1]
  .text              ro code  0x0000210c    0xf4  main2a.o [1]
  .text              ro code  0x00002200    0x68  DblToFlt.o [4]
  .text              ro code  0x00002268    0x48  FltToDbl.o [4]
  .text              ro code  0x000022b0    0x44  snprintf.o [3]
  .text              ro code  0x000022f4    0x44  main2a.o [1]
  .text              ro code  0x00002338    0x38  main2a.o [1]
  .text              ro code  0x00002370    0x38  packbits_init_single.o [5]
  .text              ro code  0x000023a8    0x28  data_init.o [5]
  .text              ro code  0x000023d0    0x22  fpinit_M.o [4]
  .iar.init_table    const    0x000023f4    0x10  - Linker created -
  .text              ro code  0x00002404    0x1a  cmain.o [5]
  .text              ro code  0x0000241e     0x4  low_level_init.o [3]
  .text              ro code  0x00002422     0x4  exit.o [3]
  .text              ro code  0x00002428     0xa  cexit.o [5]
  .rodata            const    0x00002434    0x14  main2a.o [1]
  .text              ro code  0x00002448    0x10  cstartup_Mt2a.o [1]
  .rodata            const    0x00002458     0x4  xlocale_c.o [3]
  .rodata            const    0x0000245c     0x0  packbits_init_single.o [5]
  Initializer bytes  const    0x0000245c    0x30  <for P2-1>
                            - 0x0000248c  0x2284

"P2", part 1 of 2:                          0x6c
  P2-1                        0x20000000    0x6c  <Init block>
    .data            inited   0x20000000    0x38  xlocale_c.o [3]
    .bss             inited   0x20000038     0x4  main2a.o [1]
    .bss             inited   0x2000003c    0x20  main2a.o [1]
    .bss             inited   0x2000005c     0x4  main2a.o [1]
    .bss             inited   0x20000060     0x4  main2a.o [1]
    .bss             inited   0x20000064     0x4  main2a.o [1]
    .bss             inited   0x20000068     0x4  xfail_s.o [3]
                            - 0x2000006c    0x6c

"P2", part 2 of 2:                        0x8000
  CSTACK                      0x20000070  0x8000  <Block>
    CSTACK           uninit   0x20000070  0x8000  <Block tail>
                            - 0x20008070  0x8000


*******************************************************************************
*** INIT TABLE
***

          Address     Size
          -------     ----
Copy/packbits (__iar_packbits_init_single3)
    1 source range, total size 0x30 (44% of destination):
          0x0000245c  0x30
    1 destination range, total size 0x6c:
          0x20000000  0x6c



*******************************************************************************
*** MODULE SUMMARY
***

    Module                  ro code  ro data  rw data
    ------                  -------  -------  -------
U:\AshtonGraves474\Lab3\task2a\Debug\Obj: [1]
    Lab3t2a_Inits.o           1 400
    cstartup_Mt2a.o              34      520
    main2a.o                    368       42       48
    -------------------------------------------------
    Total:                    1 802      562       48

command line: [2]
    -------------------------------------------------
    Total:

dl7M_tlf.a: [3]
    abort.o                       6
    exit.o                        4
    low_level_init.o              4
    snprintf.o                   68
    xfail_s.o                    68        2        4
    xlocale_c.o                   8       28       56
    xprintffull_nomb.o        3 598
    xsnprout.o                   26
    -------------------------------------------------
    Total:                    3 782       30       60

m7M_tls.a: [4]
    DblAdd.o                    360
    DblCmpGe.o                   46
    DblCmpLe.o                   46
    DblDiv.o                    582
    DblMul.o                    418
    DblSub.o                    226
    DblToFlt.o                  104
    DblToS32.o                   58
    DblToU32.o                   40
    FltToDbl.o                   72
    S32ToDbl.o                   34
    U32ToDbl.o                   26
    fpinit_M.o                   34
    frexp.o                     112
    ldexp.o                     314
    -------------------------------------------------
    Total:                    2 472

rt7M_tl.a: [5]
    ABImemcpy_unaligned.o       118
    I64DivMod.o                 238
    I64DivZer.o                   2
    cexit.o                      10
    cmain.o                      26
    data_init.o                  40
    memchr.o                     88
    packbits_init_single.o       56
    strchr.o                     22
    strlen.o                     54
    -------------------------------------------------
    Total:                      654

shb_l.a: [6]
    exit.o                       20
    -------------------------------------------------
    Total:                       20

    Gaps                         14        4
    Linker created                        16   32 768
-----------------------------------------------------
    Grand Total:              8 744      612   32 876


*******************************************************************************
*** ENTRY LIST
***

Entry                      Address   Size  Type      Object
-----                      -------   ----  ----      ------
.iar.init_table$$Base   0x000023f4          --   Gb  - Linker created -
.iar.init_table$$Limit  0x00002404          --   Gb  - Linker created -
?main                   0x00002405         Code  Gb  cmain.o [5]
ADC0SS3_Handler         0x000021b9   0x48  Code  Wk  main2a.o [1]
ADCReadPot_Init         0x00001e19   0xde  Code  Gb  Lab3t2a_Inits.o [1]
ADC_NewSamp             0x20000064    0x4  Data  Gb  main2a.o [1]
ADC_value               0x20000060    0x4  Data  Gb  main2a.o [1]
CSTACK$$Base            0x20000070          --   Gb  - Linker created -
CSTACK$$Limit           0x20008070          --   Gb  - Linker created -
LED_Init                0x00001d45   0x46  Code  Gb  Lab3t2a_Inits.o [1]
LoadInt                 0x000003a7   0x7a  Code  Lc  xprintffull_nomb.o [3]
PLL_Init                0x00001b95  0x1b0  Code  Gb  Lab3t2a_Inits.o [1]
Region$$Table$$Base     0x000023f4          --   Gb  - Linker created -
Region$$Table$$Limit    0x00002404          --   Gb  - Linker created -
SW_Handler              0x00002339   0x38  Code  Wk  main2a.o [1]
Switch_Init             0x00001d8b   0x8e  Code  Gb  Lab3t2a_Inits.o [1]
TimerADCTriger_Init     0x00001ef7   0x88  Code  Gb  Lab3t2a_Inits.o [1]
UART0_Handler           0x000022f5   0x44  Code  Wk  main2a.o [1]
UART_Init               0x00001f7f   0xb8  Code  Gb  Lab3t2a_Inits.o [1]
_GenldFullNoMb          0x00000d0b  0x27e  Code  Lc  xprintffull_nomb.o [3]
_LdtobFullNoMb          0x000008ef  0x3f0  Code  Lc  xprintffull_nomb.o [3]
_LitobFullNoMb          0x00000793  0x116  Code  Lc  xprintffull_nomb.o [3]
_Locale_lconv           0x20000000   0x38  Data  Lc  xlocale_c.o [3]
_PrintfFullNoMb         0x00000209  0x190  Code  Gb  xprintffull_nomb.o [3]
_PutcharsFullNoMb       0x00000f89   0x2e  Code  Lc  xprintffull_nomb.o [3]
_PutfldFullNoMb         0x00000421  0x264  Code  Lc  xprintffull_nomb.o [3]
_PuttxtFullNoMb         0x00000685  0x10e  Code  Lc  xprintffull_nomb.o [3]
_SNProut                0x00001017   0x1a  Code  Gb  xsnprout.o [3]
__aeabi_cdcmple         0x00001499         Code  Gb  DblCmpLe.o [4]
__aeabi_cdrcmple        0x000014c9         Code  Gb  DblCmpGe.o [4]
__aeabi_d2f             0x00002201         Code  Gb  DblToFlt.o [4]
__aeabi_d2iz            0x00001635         Code  Gb  DblToS32.o [4]
__aeabi_d2uiz           0x000019c1         Code  Gb  DblToU32.o [4]
__aeabi_ddiv            0x00001779         Code  Gb  DblDiv.o [4]
__aeabi_dmul            0x0000120d         Code  Gb  DblMul.o [4]
__aeabi_dsub            0x00001695         Code  Gb  DblSub.o [4]
__aeabi_f2d             0x00002269         Code  Gb  FltToDbl.o [4]
__aeabi_i2d             0x00001671         Code  Gb  S32ToDbl.o [4]
__aeabi_ldiv0           0x00001a15         Code  Gb  I64DivZer.o [5]
__aeabi_ui2d            0x000019e9         Code  Gb  U32ToDbl.o [4]
__aeabi_uldivmod        0x0000111d         Code  Gb  I64DivMod.o [5]
__cmain                 0x00002405         Code  Gb  cmain.o [5]
__exit                  0x00001b81   0x14  Code  Gb  exit.o [6]
__iar_Fail_s            0x00001049   0x1e  Code  Gb  xfail_s.o [3]
__iar_Memchr            0x000010c5         Code  Gb  memchr.o [5]
__iar_Strchr            0x00001031         Code  Gb  strchr.o [5]
__iar_dadd              0x000016a5         Code  Gb  DblSub.o [4]
__iar_data_init3        0x000023a9   0x28  Code  Gb  data_init.o [5]
__iar_dsub              0x00001a19         Code  Gb  DblAdd.o [4]
__iar_dsubStart         0x00001a2b         Code  Gb  DblAdd.o [4]
__iar_frexp             0x00001435         Code  Gb  frexp.o [4]
__iar_frexpl            0x00001435         Code  Gb  frexp.o [4]
__iar_init_vfp          0x000023d1         Code  Gb  fpinit_M.o [4]
__iar_ldexp64           0x000014f9         Code  Gb  ldexp.o [4]
__iar_packbits_init_single3
                        0x00002371   0x38  Code  Gb  packbits_init_single.o [5]
__iar_program_start     0x00002449   0x10  Code  Gb  cstartup_Mt2a.o [1]
__iar_scalbln64         0x000014f9         Code  Gb  ldexp.o [4]
__iar_scalbn64          0x000014f9         Code  Gb  ldexp.o [4]
__iar_softfp___iar_frexp64
                        0x00001429         Code  Gb  frexp.o [4]
__iar_softfp_frexp      0x00001429         Code  Gb  frexp.o [4]
__iar_softfp_frexpl     0x00001429         Code  Gb  frexp.o [4]
__iar_systems$$module {Abs}
                        0x00000001         Data  Gb  command line/config [2]
__iar_unaligned_memcpy  0x000013b1         Code  Gb  ABImemcpy_unaligned.o [5]
__iar_unaligned_memcpy4
                        0x000013d1         Code  Gb  ABImemcpy_unaligned.o [5]
__iar_unaligned_memcpy8
                        0x000013d1         Code  Gb  ABImemcpy_unaligned.o [5]
__low_level_init        0x0000241f    0x4  Code  Gb  low_level_init.o [3]
__vector_table          0x00000000  0x208  Data  Gb  cstartup_Mt2a.o [1]
_call_main              0x00002411         Code  Gb  cmain.o [5]
_exit                   0x00002429         Code  Gb  cexit.o [5]
_main                   0x0000241b         Code  Gb  cmain.o [5]
abort                   0x00001a0d    0x6  Code  Gb  abort.o [3]
exit                    0x00002423    0x4  Code  Gb  exit.o [3]
index                   0x2000005c    0x4  Data  Gb  main2a.o [1]
ldexp                   0x000014f9         Code  Gb  ldexp.o [4]
ldexpl                  0x000014f9         Code  Gb  ldexp.o [4]
localeconv              0x00001a05    0x4  Code  Gb  xlocale_c.o [3]
main                    0x0000210d   0xac  Code  Gb  main2a.o [1]
memchr                  0x000010c5         Code  Gb  memchr.o [5]
scalbln                 0x000014f9         Code  Gb  ldexp.o [4]
scalblnl                0x000014f9         Code  Gb  ldexp.o [4]
scalbn                  0x000014f9         Code  Gb  ldexp.o [4]
scalbnl                 0x000014f9         Code  Gb  ldexp.o [4]
scale                   0x000008a9   0x46  Code  Lc  xprintffull_nomb.o [3]
sec_hand                0x20000068    0x4  Data  Lc  xfail_s.o [3]
snprintf                0x000022b1   0x44  Code  Gb  snprintf.o [3]
str                     0x2000003c   0x20  Data  Gb  main2a.o [1]
strchr                  0x00001031         Code  Gb  strchr.o [5]
strlen                  0x0000108d         Code  Gb  strlen.o [5]
temperature             0x20000038    0x4  Data  Gb  main2a.o [1]


[1] = U:\AshtonGraves474\Lab3\task2a\Debug\Obj
[2] = command line
[3] = dl7M_tlf.a
[4] = m7M_tls.a
[5] = rt7M_tl.a
[6] = shb_l.a

   8 744 bytes of readonly  code memory
     612 bytes of readonly  data memory
  32 876 bytes of readwrite data memory

Errors: none
Warnings: none
