###############################################################################
#
# IAR ELF Linker V8.11.3.13950/W32 for ARM                17/Apr/2025  21:58:48
# Copyright 2007-2017 IAR Systems AB.
#
#    Output file  =  
#        C:\Users\Quan\Desktop\CSE474\Lab1b\AshtonGraves474\Lab1\task2\Debug\Exe\task2.out
#    Map file     =  
#        C:\Users\Quan\Desktop\CSE474\Lab1b\AshtonGraves474\Lab1\task2\Debug\List\task2.map
#    Command line =  
#        -f C:\Users\Quan\AppData\Local\Temp\EW4E5C.tmp
#        (C:\Users\Quan\Desktop\CSE474\Lab1b\AshtonGraves474\Lab1\task2\Debug\Obj\led.o
#        C:\Users\Quan\Desktop\CSE474\Lab1b\AshtonGraves474\Lab1\task2\Debug\Obj\main.o
#        C:\Users\Quan\Desktop\CSE474\Lab1b\AshtonGraves474\Lab1\task2\Debug\Obj\switch.o
#        C:\Users\Quan\Desktop\CSE474\Lab1b\AshtonGraves474\Lab1\task2\Debug\Obj\TickFct_TrafficLight.o
#        -o
#        C:\Users\Quan\Desktop\CSE474\Lab1b\AshtonGraves474\Lab1\task2\Debug\Exe\task2.out
#        --redirect _Printf=_PrintfFullNoMb --redirect _Scanf=_ScanfFullNoMb
#        --map
#        C:\Users\Quan\Desktop\CSE474\Lab1b\AshtonGraves474\Lab1\task2\Debug\List\task2.map
#        --config "C:\Program Files (x86)\IAR Systems\Embedded Workbench
#        8.0\arm\config\linker\TexasInstruments\TM4C1294NC.icf" --semihosting
#        --entry __iar_program_start --vfe --text_out locale)
#
###############################################################################

*******************************************************************************
*** RUNTIME MODEL ATTRIBUTES
***

CppFlavor       = *
__SystemLibrary = DLib
__dlib_version  = 6


*******************************************************************************
*** HEAP SELECTION
***

The basic heap was selected because no calls to memory allocation
functions were found in the application outside of system library
functions, and there are calls to deallocation functions in the
application.


*******************************************************************************
*** PLACEMENT SUMMARY
***

"A0":  place at 0x00000000 { ro section .intvec };
"P1":  place in [from 0x00000000 to 0x000fffff] { ro };
define block CSTACK with size = 32K, alignment = 8 { };
define block HEAP with size = 64K, alignment = 8 { };
"P2":  place in [from 0x20000000 to 0x2003ffff] {
          rw, block CSTACK, block HEAP };

  Section          Kind        Address    Size  Object
  -------          ----        -------    ----  ------
"A0":                                     0x40
  .intvec          ro code  0x00000000    0x40  vector_table_M.o [5]
                          - 0x00000040    0x40

"P1":                                    0x3d8
  .text            ro code  0x00000040   0x118  TickFct_TrafficLight.o [1]
  .text            ro code  0x00000158    0xc4  led.o [1]
  .text            ro code  0x0000021c    0x94  switch.o [1]
  .text            ro code  0x000002b0    0x78  main.o [1]
  .text            ro code  0x00000328    0x40  zero_init3.o [5]
  .text            ro code  0x00000368    0x28  data_init.o [5]
  .text            ro code  0x00000390    0x22  fpinit_M.o [4]
  .iar.init_table  const    0x000003b4    0x10  - Linker created -
  .text            ro code  0x000003c4     0x2  vector_table_M.o [5]
  .text            ro code  0x000003c8    0x1a  cmain.o [5]
  .text            ro code  0x000003e2     0x4  low_level_init.o [3]
  .text            ro code  0x000003e6     0x4  exit.o [3]
  .text            ro code  0x000003ec     0xa  cexit.o [5]
  .text            ro code  0x000003f8    0x14  exit.o [6]
  .text            ro code  0x0000040c     0xc  cstartup_M.o [5]
  .rodata          const    0x00000418     0x0  zero_init3.o [5]
                          - 0x00000418   0x3d8

"P2", part 1 of 2:                         0xc
  .bss             zero     0x20000000     0x4  main.o [1]
  .bss             zero     0x20000004     0x4  TickFct_TrafficLight.o [1]
  .bss             zero     0x20000008     0x1  TickFct_TrafficLight.o [1]
  .bss             zero     0x20000009     0x1  TickFct_TrafficLight.o [1]
                          - 0x2000000a     0xa

"P2", part 2 of 2:                      0x8000
  CSTACK                    0x20000010  0x8000  <Block>
    CSTACK         uninit   0x20000010  0x8000  <Block tail>
                          - 0x20008010  0x8000


*******************************************************************************
*** INIT TABLE
***

          Address     Size
          -------     ----
Zero (__iar_zero_init3)
    1 destination range, total size 0xa:
          0x20000000   0xa



*******************************************************************************
*** MODULE SUMMARY
***

    Module                  ro code  ro data  rw data
    ------                  -------  -------  -------
C:\Users\Quan\Desktop\CSE474\Lab1b\AshtonGraves474\Lab1\task2\Debug\Obj: [1]
    TickFct_TrafficLight.o      280                 6
    led.o                       196
    main.o                      120                 4
    switch.o                    148
    -------------------------------------------------
    Total:                      744                10

command line: [2]
    -------------------------------------------------
    Total:

dl7M_tln.a: [3]
    exit.o                        4
    low_level_init.o              4
    -------------------------------------------------
    Total:                        8

m7M_tls.a: [4]
    fpinit_M.o                   34
    -------------------------------------------------
    Total:                       34

rt7M_tl.a: [5]
    cexit.o                      10
    cmain.o                      26
    cstartup_M.o                 12
    data_init.o                  40
    vector_table_M.o             66
    zero_init3.o                 64
    -------------------------------------------------
    Total:                      218

shb_l.a: [6]
    exit.o                       20
    -------------------------------------------------
    Total:                       20

    Gaps                          6        2
    Linker created                        16   32 768
-----------------------------------------------------
    Grand Total:              1 030       18   32 778


*******************************************************************************
*** ENTRY LIST
***

Entry                      Address   Size  Type      Object
-----                      -------   ----  ----      ------
.iar.init_table$$Base   0x000003b4          --   Gb  - Linker created -
.iar.init_table$$Limit  0x000003c4          --   Gb  - Linker created -
?main                   0x000003c9         Code  Gb  cmain.o [5]
CSTACK$$Base            0x20000010          --   Gb  - Linker created -
CSTACK$$Limit           0x20008010          --   Gb  - Linker created -
LED_init                0x00000159   0x5c  Code  Gb  led.o [1]
LED_off                 0x000001f7    0xe  Code  Gb  led.o [1]
LED_on                  0x000001b5   0x42  Code  Gb  led.o [1]
Region$$Table$$Base     0x000003b4          --   Gb  - Linker created -
Region$$Table$$Limit    0x000003c4          --   Gb  - Linker created -
TL_State                0x20000008    0x1  Data  Gb  TickFct_TrafficLight.o [1]
TickFct_TrafficLight    0x00000041  0x118  Code  Gb  TickFct_TrafficLight.o [1]
TickFct_TrafficLight::lastState
                        0x20000009    0x1  Data  Lc  TickFct_TrafficLight.o [1]
TickFct_TrafficLight::stateTimer
                        0x20000004    0x4  Data  Lc  TickFct_TrafficLight.o [1]
__cmain                 0x000003c9         Code  Gb  cmain.o [5]
__exit                  0x000003f9   0x14  Code  Gb  exit.o [6]
__iar_data_init3        0x00000369   0x28  Code  Gb  data_init.o [5]
__iar_init_vfp          0x00000391         Code  Gb  fpinit_M.o [4]
__iar_program_start     0x0000040d         Code  Gb  cstartup_M.o [5]
__iar_systems$$module {Abs}
                        0x00000001         Data  Gb  command line/config [2]
__iar_zero_init3        0x00000329   0x40  Code  Gb  zero_init3.o [5]
__low_level_init        0x000003e3    0x4  Code  Gb  low_level_init.o [3]
__vector_table          0x00000000         Data  Gb  vector_table_M.o [5]
_call_main              0x000003d5         Code  Gb  cmain.o [5]
_exit                   0x000003ed         Code  Gb  cexit.o [5]
_main                   0x000003df         Code  Gb  cmain.o [5]
exit                    0x000003e7    0x4  Code  Gb  exit.o [3]
extern_switch_init      0x0000021d   0x5c  Code  Gb  switch.o [1]
main                    0x000002b1   0x78  Code  Gb  main.o [1]
main{1}{2}::loopCounter
                        0x20000000    0x4  Data  Lc  main.o [1]
switch_input            0x00000279   0x1e  Code  Gb  switch.o [1]


[1] = C:\Users\Quan\Desktop\CSE474\Lab1b\AshtonGraves474\Lab1\task2\Debug\Obj
[2] = command line
[3] = dl7M_tln.a
[4] = m7M_tls.a
[5] = rt7M_tl.a
[6] = shb_l.a

   1 030 bytes of readonly  code memory
      18 bytes of readonly  data memory
  32 778 bytes of readwrite data memory

Errors: none
Warnings: none
