###############################################################################
#
# IAR ELF Linker V8.11.3.13950/W32 for ARM                20/May/2025  16:26:22
# Copyright 2007-2017 IAR Systems AB.
#
#    Output file  =  U:\AshtonGraves474\Lab3\task1b\Debug\Exe\task1b.out
#    Map file     =  U:\AshtonGraves474\Lab3\task1b\Debug\List\task1b.map
#    Command line =  
#        -f C:\Users\graveash\AppData\Local\Temp\EW61B5.tmp
#        (U:\AshtonGraves474\Lab3\task1b\Debug\Obj\cstartup_Mtb.o
#        U:\AshtonGraves474\Lab3\task1b\Debug\Obj\Lab3tb_Inits.o
#        U:\AshtonGraves474\Lab3\task1b\Debug\Obj\main1b.o -o
#        U:\AshtonGraves474\Lab3\task1b\Debug\Exe\task1b.out --redirect
#        _Printf=_PrintfFullNoMb --redirect _Scanf=_ScanfFullNoMb --map
#        U:\AshtonGraves474\Lab3\task1b\Debug\List\task1b.map --config
#        "C:\Program Files (x86)\IAR Systems\Embedded Workbench
#        8.0\arm\config\linker\TexasInstruments\TM4C1294NC.icf" --semihosting
#        --entry __iar_program_start --vfe --text_out locale)
#
###############################################################################

*******************************************************************************
*** RUNTIME MODEL ATTRIBUTES
***

CppFlavor       = *
__Heap_Handler  = Basic
__SystemLibrary = DLib
__dlib_version  = 6


*******************************************************************************
*** HEAP SELECTION
***

The basic heap was selected because no calls to memory allocation
functions were found in the application outside of system library
functions, and there are calls to deallocation functions in the
application.


*******************************************************************************
*** PLACEMENT SUMMARY
***

"A0":  place at 0x00000000 { ro section .intvec };
"P1":  place in [from 0x00000000 to 0x000fffff] { ro };
define block CSTACK with size = 32K, alignment = 8 { };
define block HEAP with size = 64K, alignment = 8 { };
"P2":  place in [from 0x20000000 to 0x2003ffff] {
          rw, block CSTACK, block HEAP };
initialize by copy { rw };

  Section            Kind        Address     Size  Object
  -------            ----        -------     ----  ------
"A0":                                       0x208
  .intvec            const    0x00000000    0x208  cstartup_Mtb.o [1]
                            - 0x00000208    0x208

"P1":                                      0x28ed
  .text              ro code  0x00000208    0xe0e  xprintffull_nomb.o [3]
  .text              ro code  0x00001016     0x7a  lz77_init_single.o [5]
  .text              ro code  0x00001090     0x16  strchr.o [5]
  .text              ro code  0x000010a6      0x2  cstartup_Mtb.o [1]
  .text              ro code  0x000010a8     0x44  xfail_s.o [3]
  .text              ro code  0x000010ec     0x36  strlen.o [5]
  .text              ro code  0x00001122      0x2  cstartup_Mtb.o [1]
  .text              ro code  0x00001124     0x58  memchr.o [5]
  .text              ro code  0x0000117c     0xee  I64DivMod.o [5]
  .text              ro code  0x0000126a      0x2  cstartup_Mtb.o [1]
  .text              ro code  0x0000126c    0x1a2  DblMul.o [4]
  .text              ro code  0x0000140e      0x2  cstartup_Mtb.o [1]
  .text              ro code  0x00001410     0x76  ABImemcpy_unaligned.o [5]
  .text              ro code  0x00001486      0x2  cstartup_Mtb.o [1]
  .text              ro code  0x00001488     0x70  frexp.o [4]
  .text              ro code  0x000014f8     0x2e  DblCmpLe.o [4]
  .text              ro code  0x00001526      0x2  cstartup_Mtb.o [1]
  .text              ro code  0x00001528     0x2e  DblCmpGe.o [4]
  .text              ro code  0x00001556      0x2  cstartup_Mtb.o [1]
  .text              ro code  0x00001558    0x13a  ldexp.o [4]
  .text              ro code  0x00001692      0x2  cstartup_Mtb.o [1]
  .text              ro code  0x00001694     0x3a  DblToS32.o [4]
  .text              ro code  0x000016ce      0x2  cstartup_Mtb.o [1]
  .text              ro code  0x000016d0     0x22  S32ToDbl.o [4]
  .text              ro code  0x000016f4     0xe2  DblSub.o [4]
  .text              ro code  0x000017d8    0x246  DblDiv.o [4]
  .text              ro code  0x00001a20     0x28  DblToU32.o [4]
  .text              ro code  0x00001a48     0x1a  U32ToDbl.o [4]
  .text              ro code  0x00001a64      0x8  xlocale_c.o [3]
  .text              ro code  0x00001a6c      0x6  abort.o [3]
  .text              ro code  0x00001a74      0x2  I64DivZer.o [5]
  .text              ro code  0x00001a78    0x168  DblAdd.o [4]
  .text              ro code  0x00001be0     0x14  exit.o [6]
  .text              ro code  0x00001bf4     0x68  iarttio.o [6]
  .text              ro code  0x00001c5c      0x8  XShttio.o [3]
  .text              ro code  0x00001c64    0x3fc  Lab3tb_Inits.o [1]
  .text              ro code  0x00002060    0x144  heap0.o [3]
  .text              ro code  0x000021a4     0x2c  xgetmemchunk.o [3]
  .text              ro code  0x000021d0     0xd8  xfspos.o [3]
  .text              ro code  0x000022a8     0xac  fflush.o [3]
  .text              ro code  0x00002354      0xc  xfgpos.o [3]
  .text              ro code  0x00002360     0x4c  lseek.o [6]
  .text              ro code  0x000023ac     0x10  write.o [6]
  .text              ro code  0x000023bc     0xcc  XShHandles.o [3]
  .text              ro code  0x00002488     0x1e  dwrite.o [6]
  .text              ro code  0x000024a6     0x20  iarwstd.o [6]
  .text              ro code  0x000024c6     0x22  iarwrite.o [6]
  .text              ro code  0x000024e8     0xb4  xfwprep.o [3]
  .text              ro code  0x0000259c     0x24  fseek.o [3]
  .text              ro code  0x000025c0     0xac  main1b.o [1]
  .text              ro code  0x0000266c     0x68  DblToFlt.o [4]
  .text              ro code  0x000026d4     0x48  FltToDbl.o [4]
  .text              ro code  0x0000271c     0x28  printf.o [3]
  .text              ro code  0x00002744     0x7e  fclose.o [3]
  .text              ro code  0x000027c4     0x7c  xfofind.o [3]
  .text              ro code  0x00002840      0x4  heaptramp0.o [3]
  .text              ro code  0x00002844     0x1a  close.o [6]
  .text              ro code  0x0000285e     0x16  remove.o [6]
  .text              ro code  0x00002874     0x56  fputc.o [3]
  .text              ro code  0x000028cc     0x4c  main1b.o [1]
  .text              ro code  0x00002918     0x40  zero_init3.o [5]
  .text              ro code  0x00002958     0x3c  xcloseall.o [3]
  .text              ro code  0x00002994     0x28  data_init.o [5]
  .rodata            const    0x000029bc     0x24  main1b.o [1]
  .text              ro code  0x000029e0     0x22  fpinit_M.o [4]
  .iar.init_table    const    0x00002a04     0x20  - Linker created -
  .text              ro code  0x00002a24     0x1a  cmain.o [5]
  .text              ro code  0x00002a3e      0x4  low_level_init.o [3]
  .text              ro code  0x00002a42      0x4  exit.o [3]
  .text              ro code  0x00002a48      0xe  cexit.o [5]
  .text              ro code  0x00002a56     0x16  xprout.o [3]
  .text              ro code  0x00002a6c      0xc  putchar.o [3]
  .text              ro code  0x00002a78     0x10  cstartup_Mtb.o [1]
  .rodata            const    0x00002a88      0x4  xlocale_c.o [3]
  .text              ro code  0x00002a8c      0x0  cstart_closeall.o [5]
  .rodata            const    0x00002a8c      0x0  zero_init3.o [5]
  .rodata            const    0x00002a8c      0x0  lz77_init_single.o [5]
  Initializer bytes  const    0x00002a8c     0x69  <for P2-1>
                            - 0x00002af5   0x28ed

"P2", part 1 of 3:                          0x138
  P2-1                        0x20000000    0x138  <Init block>
    .data            inited   0x20000000     0x38  xlocale_c.o [3]
    .data            inited   0x20000038     0x48  xfiles.o [3]
    .data            inited   0x20000080     0x48  xfiles.o [3]
    .data            inited   0x200000c8     0x48  xfiles.o [3]
    .data            inited   0x20000110     0x20  xfiles.o [3]
    .data            inited   0x20000130      0x8  XShttio.o [3]
                            - 0x20000138    0x138

"P2", part 2 of 3:                          0x134
  .bss               zero     0x20000138     0x80  XShHandles.o [3]
  .bss               zero     0x200001b8     0x50  xfiles.o [3]
  .bss               zero     0x20000208     0x50  xfiles.o [3]
  .bss               zero     0x20000258      0x8  heap0.o [3]
  .bss               zero     0x20000260      0x4  main1b.o [1]
  .bss               zero     0x20000264      0x4  xfail_s.o [3]
  .bss               zero     0x20000268      0x4  xgetmemchunk.o [3]
                            - 0x2000026c    0x134

"P2", part 3 of 3:                        0x18000
  CSTACK                      0x20000270   0x8000  <Block>
    CSTACK           uninit   0x20000270   0x8000  <Block tail>
  HEAP                        0x20008270  0x10000  <Block>
    HEAP             uninit   0x20008270  0x10000  <Block tail>
                            - 0x20018270  0x18000


*******************************************************************************
*** INIT TABLE
***

          Address     Size
          -------     ----
Zero (__iar_zero_init3)
    1 destination range, total size 0x134:
          0x20000138  0x134

Copy/lz77 (__iar_lz77_init_single3)
    1 source range, total size 0x69 (33% of destination):
          0x00002a8c   0x69
    1 destination range, total size 0x138:
          0x20000000  0x138



*******************************************************************************
*** MODULE SUMMARY
***

    Module                 ro code  ro data  rw data
    ------                 -------  -------  -------
U:\AshtonGraves474\Lab3\task1b\Debug\Obj: [1]
    Lab3tb_Inits.o           1 020
    cstartup_Mtb.o              34      520
    main1b.o                   248       36        4
    ------------------------------------------------
    Total:                   1 302      556        4

command line: [2]
    ------------------------------------------------
    Total:

dl7M_tlf.a: [3]
    XShHandles.o               204               128
    XShttio.o                    8        3        8
    abort.o                      6
    exit.o                       4
    fclose.o                   126
    fflush.o                   172
    fputc.o                     86
    fseek.o                     36
    heap0.o                    324                 8
    heaptramp0.o                 4
    low_level_init.o             4
    printf.o                    40
    putchar.o                   12
    xcloseall.o                 60
    xfail_s.o                   68                 4
    xfgpos.o                    12
    xfiles.o                             84      408
    xfofind.o                  124
    xfspos.o                   216
    xfwprep.o                  180
    xgetmemchunk.o              44                 4
    xlocale_c.o                  8       22       56
    xprintffull_nomb.o       3 598
    xprout.o                    22
    ------------------------------------------------
    Total:                   5 358      109      616

m7M_tls.a: [4]
    DblAdd.o                   360
    DblCmpGe.o                  46
    DblCmpLe.o                  46
    DblDiv.o                   582
    DblMul.o                   418
    DblSub.o                   226
    DblToFlt.o                 104
    DblToS32.o                  58
    DblToU32.o                  40
    FltToDbl.o                  72
    S32ToDbl.o                  34
    U32ToDbl.o                  26
    fpinit_M.o                  34
    frexp.o                    112
    ldexp.o                    314
    ------------------------------------------------
    Total:                   2 472

rt7M_tl.a: [5]
    ABImemcpy_unaligned.o      118
    I64DivMod.o                238
    I64DivZer.o                  2
    cexit.o                     14
    cmain.o                     26
    cstart_closeall.o
    data_init.o                 40
    lz77_init_single.o         122
    memchr.o                    88
    strchr.o                    22
    strlen.o                    54
    zero_init3.o                64
    ------------------------------------------------
    Total:                     788

shb_l.a: [6]
    close.o                     26
    dwrite.o                    30
    exit.o                      20
    iarttio.o                  104
    iarwrite.o                  34
    iarwstd.o                   32
    lseek.o                     76
    remove.o                    22
    write.o                     16
    ------------------------------------------------
    Total:                     360

    Gaps                        18        2
    Linker created                       32   98 304
----------------------------------------------------
    Grand Total:            10 298      699   98 924


*******************************************************************************
*** ENTRY LIST
***

Entry                      Address   Size  Type      Object
-----                      -------   ----  ----      ------
.iar.init_table$$Base   0x00002a04          --   Gb  - Linker created -
.iar.init_table$$Limit  0x00002a24          --   Gb  - Linker created -
?main                   0x00002a25         Code  Gb  cmain.o [5]
ADC0SS3_Handler         0x0000262d   0x40  Code  Wk  main1b.o [1]
ADCReadPot_Init         0x00001e67   0xde  Code  Gb  Lab3tb_Inits.o [1]
ADC_value               0x20000260    0x4  Data  Gb  main1b.o [1]
Aldata                  0x20000258    0x8  Data  Lc  heap0.o [3]
CSTACK$$Base            0x20000270          --   Gb  - Linker created -
CSTACK$$Limit           0x20008270          --   Gb  - Linker created -
HEAP$$Base              0x20008270          --   Gb  - Linker created -
HEAP$$Limit             0x20018270          --   Gb  - Linker created -
LoadInt                 0x000003a7   0x7a  Code  Lc  xprintffull_nomb.o [3]
PLL_Init                0x00001c65  0x178  Code  Gb  Lab3tb_Inits.o [1]
Region$$Table$$Base     0x00002a04          --   Gb  - Linker created -
Region$$Table$$Limit    0x00002a24          --   Gb  - Linker created -
SW_Handler              0x000028cd   0x4c  Code  Wk  main1b.o [1]
Switch_Init             0x00001ddd   0x8a  Code  Gb  Lab3tb_Inits.o [1]
TimerADCTriger_Init     0x00001f45   0x88  Code  Gb  Lab3tb_Inits.o [1]
_Close_all              0x00002959   0x3c  Code  Gb  xcloseall.o [3]
_Files                  0x20000110   0x20  Data  Gb  xfiles.o [3]
_Fofree                 0x000027c5   0x78  Code  Gb  xfofind.o [3]
_Fspos                  0x000021d1   0xd8  Code  Gb  xfspos.o [3]
_Fwprep                 0x000024e9   0xb4  Code  Gb  xfwprep.o [3]
_GenldFullNoMb          0x00000d0b  0x27e  Code  Lc  xprintffull_nomb.o [3]
_LdtobFullNoMb          0x000008ef  0x3f0  Code  Lc  xprintffull_nomb.o [3]
_LitobFullNoMb          0x00000793  0x116  Code  Lc  xprintffull_nomb.o [3]
_Locale_lconv           0x20000000   0x38  Data  Lc  xlocale_c.o [3]
_Nnl                    0x00002355    0xc  Code  Gb  xfgpos.o [3]
_PrintfFullNoMb         0x00000209  0x190  Code  Gb  xprintffull_nomb.o [3]
_Prout                  0x00002a57   0x16  Code  Gb  xprout.o [3]
_PutcharsFullNoMb       0x00000f89   0x2e  Code  Lc  xprintffull_nomb.o [3]
_PutfldFullNoMb         0x00000421  0x264  Code  Lc  xprintffull_nomb.o [3]
_PuttxtFullNoMb         0x00000685  0x10e  Code  Lc  xprintffull_nomb.o [3]
__aeabi_cdcmple         0x000014f9         Code  Gb  DblCmpLe.o [4]
__aeabi_cdrcmple        0x00001529         Code  Gb  DblCmpGe.o [4]
__aeabi_d2f             0x0000266d         Code  Gb  DblToFlt.o [4]
__aeabi_d2iz            0x00001695         Code  Gb  DblToS32.o [4]
__aeabi_d2uiz           0x00001a21         Code  Gb  DblToU32.o [4]
__aeabi_ddiv            0x000017d9         Code  Gb  DblDiv.o [4]
__aeabi_dmul            0x0000126d         Code  Gb  DblMul.o [4]
__aeabi_dsub            0x000016f5         Code  Gb  DblSub.o [4]
__aeabi_f2d             0x000026d5         Code  Gb  FltToDbl.o [4]
__aeabi_i2d             0x000016d1         Code  Gb  S32ToDbl.o [4]
__aeabi_ldiv0           0x00001a75         Code  Gb  I64DivZer.o [5]
__aeabi_ui2d            0x00001a49         Code  Gb  U32ToDbl.o [4]
__aeabi_uldivmod        0x0000117d         Code  Gb  I64DivMod.o [5]
__basic_free            0x0000210f   0x16  Code  Gb  heap0.o [3]
__basic_free_intern     0x00002125   0x7a  Code  Lc  heap0.o [3]
__basic_malloc          0x00002061   0x18  Code  Gb  heap0.o [3]
__basic_malloc_intern   0x00002079   0x96  Code  Lc  heap0.o [3]
__cexit_closeall        0x00002a4b         Code  Gb  cexit.o [5]
__close                 0x00002845   0x1a  Code  Gb  close.o [6]
__cmain                 0x00002a25         Code  Gb  cmain.o [5]
__cstart_closeall       0x00002a8c         Data  Gb  cstart_closeall.o [5]
__data_GetMemChunk      0x000021a5   0x2c  Code  Gb  xgetmemchunk.o [3]
__data_GetMemChunk::start
                        0x20000268    0x4  Data  Lc  xgetmemchunk.o [3]
__dwrite                0x00002489   0x1e  Code  Gb  dwrite.o [6]
__exit                  0x00001be1   0x14  Code  Gb  exit.o [6]
__iar_Fail_s            0x000010a9   0x1e  Code  Gb  xfail_s.o [3]
__iar_Memchr            0x00001125         Code  Gb  memchr.o [5]
__iar_Stderr            0x200000c8   0x48  Data  Gb  xfiles.o [3]
__iar_Stdin             0x20000038   0x48  Data  Gb  xfiles.o [3]
__iar_Stdout            0x20000080   0x48  Data  Gb  xfiles.o [3]
__iar_Strchr            0x00001091         Code  Gb  strchr.o [5]
__iar_close_ttio        0x00001bf5   0x2c  Code  Gb  iarttio.o [6]
__iar_dadd              0x00001705         Code  Gb  DblSub.o [4]
__iar_data_init3        0x00002995   0x28  Code  Gb  data_init.o [5]
__iar_dsub              0x00001a79         Code  Gb  DblAdd.o [4]
__iar_dsubStart         0x00001a8b         Code  Gb  DblAdd.o [4]
__iar_frexp             0x00001495         Code  Gb  frexp.o [4]
__iar_frexpl            0x00001495         Code  Gb  frexp.o [4]
__iar_get_ttio          0x00001c21   0x38  Code  Gb  iarttio.o [6]
__iar_init_vfp          0x000029e1         Code  Gb  fpinit_M.o [4]
__iar_ldexp64           0x00001559         Code  Gb  ldexp.o [4]
__iar_lookup_ttioh      0x00001c5d    0x8  Code  Gb  XShttio.o [3]
__iar_lz77_init_single3
                        0x00001017   0x7a  Code  Gb  lz77_init_single.o [5]
__iar_program_start     0x00002a79   0x10  Code  Gb  cstartup_Mtb.o [1]
__iar_scalbln64         0x00001559         Code  Gb  ldexp.o [4]
__iar_scalbn64          0x00001559         Code  Gb  ldexp.o [4]
__iar_sh_Discard        0x000023bd   0x42  Code  Gb  XShHandles.o [3]
__iar_sh_Move           0x000023ff   0x46  Code  Gb  XShHandles.o [3]
__iar_sh_Pos            0x00002445   0x3e  Code  Gb  XShHandles.o [3]
__iar_sh_stdout         0x000024a7   0x20  Code  Gb  iarwstd.o [6]
__iar_sh_write          0x000024c7   0x22  Code  Gb  iarwrite.o [6]
__iar_softfp___iar_frexp64
                        0x00001489         Code  Gb  frexp.o [4]
__iar_softfp_frexp      0x00001489         Code  Gb  frexp.o [4]
__iar_softfp_frexpl     0x00001489         Code  Gb  frexp.o [4]
__iar_systems$$module {Abs}
                        0x00000001         Data  Gb  command line/config [2]
__iar_ttio_handles      0x20000130    0x8  Data  Lc  XShttio.o [3]
__iar_unaligned_memcpy  0x00001411         Code  Gb  ABImemcpy_unaligned.o [5]
__iar_unaligned_memcpy4
                        0x00001431         Code  Gb  ABImemcpy_unaligned.o [5]
__iar_unaligned_memcpy8
                        0x00001431         Code  Gb  ABImemcpy_unaligned.o [5]
__iar_zero_init3        0x00002919   0x40  Code  Gb  zero_init3.o [5]
__low_level_init        0x00002a3f    0x4  Code  Gb  low_level_init.o [3]
__lseek                 0x00002361   0x4c  Code  Gb  lseek.o [6]
__vector_table          0x00000000  0x208  Data  Gb  cstartup_Mtb.o [1]
__write                 0x000023ad   0x10  Code  Gb  write.o [6]
_call_main              0x00002a31         Code  Gb  cmain.o [5]
_exit                   0x00002a49         Code  Gb  cexit.o [5]
_main                   0x00002a3b         Code  Gb  cmain.o [5]
abort                   0x00001a6d    0x6  Code  Gb  abort.o [3]
ebuf                    0x200001b8   0x50  Data  Lc  xfiles.o [3]
exit                    0x00002a43    0x4  Code  Gb  exit.o [3]
fclose                  0x00002745   0x7e  Code  Gb  fclose.o [3]
fflush                  0x0000231d   0x34  Code  Gb  fflush.o [3]
fflushOne               0x000022a9   0x74  Code  Lc  fflush.o [3]
fputc                   0x00002875   0x56  Code  Gb  fputc.o [3]
free                    0x00002841    0x4  Code  Gb  heaptramp0.o [3]
fseek                   0x0000259d   0x24  Code  Gb  fseek.o [3]
ldexp                   0x00001559         Code  Gb  ldexp.o [4]
ldexpl                  0x00001559         Code  Gb  ldexp.o [4]
localeconv              0x00001a65    0x4  Code  Gb  xlocale_c.o [3]
main                    0x000025c1   0x6c  Code  Gb  main1b.o [1]
memchr                  0x00001125         Code  Gb  memchr.o [5]
obuf                    0x20000208   0x50  Data  Lc  xfiles.o [3]
printf                  0x0000271d   0x28  Code  Gb  printf.o [3]
putchar                 0x00002a6d    0xc  Code  Gb  putchar.o [3]
remove                  0x0000285f   0x16  Code  Gb  remove.o [6]
sFileInfo               0x20000138   0x80  Data  Lc  XShHandles.o [3]
scalbln                 0x00001559         Code  Gb  ldexp.o [4]
scalblnl                0x00001559         Code  Gb  ldexp.o [4]
scalbn                  0x00001559         Code  Gb  ldexp.o [4]
scalbnl                 0x00001559         Code  Gb  ldexp.o [4]
scale                   0x000008a9   0x46  Code  Lc  xprintffull_nomb.o [3]
sec_hand                0x20000264    0x4  Data  Lc  xfail_s.o [3]
strchr                  0x00001091         Code  Gb  strchr.o [5]
strlen                  0x000010ed         Code  Gb  strlen.o [5]


[1] = U:\AshtonGraves474\Lab3\task1b\Debug\Obj
[2] = command line
[3] = dl7M_tlf.a
[4] = m7M_tls.a
[5] = rt7M_tl.a
[6] = shb_l.a

  10 298 bytes of readonly  code memory
     699 bytes of readonly  data memory
  98 924 bytes of readwrite data memory

Errors: none
Warnings: none
