###############################################################################
#
# IAR ELF Linker V8.11.3.13950/W32 for ARM                21/May/2025  12:45:08
# Copyright 2007-2017 IAR Systems AB.
#
#    Output file  =  U:\AshtonGraves474\Lab4\Task1a\Debug\Exe\task1a.out
#    Map file     =  U:\AshtonGraves474\Lab4\Task1a\Debug\List\task1a.map
#    Command line =  
#        -f C:\Users\graveash\AppData\Local\Temp\EW2E31.tmp
#        (U:\AshtonGraves474\Lab4\Task1a\Debug\Obj\main1a.o
#        U:\AshtonGraves474\Lab4\Task1a\Debug\Obj\SSD2119_Display1a.o
#        U:\AshtonGraves474\Lab4\Task1a\Debug\Obj\SSD2119_Touch1a.o -o
#        U:\AshtonGraves474\Lab4\Task1a\Debug\Exe\task1a.out --redirect
#        _Printf=_PrintfFullNoMb --redirect _Scanf=_ScanfFullNoMb --map
#        U:\AshtonGraves474\Lab4\Task1a\Debug\List\task1a.map --config
#        "C:\Program Files (x86)\IAR Systems\Embedded Workbench
#        8.0\arm\config\linker\TexasInstruments\TM4C1294NC.icf" --semihosting
#        --entry __iar_program_start --vfe --text_out locale)
#
###############################################################################

*******************************************************************************
*** RUNTIME MODEL ATTRIBUTES
***

CppFlavor       = *
__SystemLibrary = DLib
__dlib_version  = 6


*******************************************************************************
*** HEAP SELECTION
***

The basic heap was selected because no calls to memory allocation
functions were found in the application outside of system library
functions, and there are calls to deallocation functions in the
application.


*******************************************************************************
*** PLACEMENT SUMMARY
***

"A0":  place at 0x00000000 { ro section .intvec };
"P1":  place in [from 0x00000000 to 0x000fffff] { ro };
define block CSTACK with size = 32K, alignment = 8 { };
define block HEAP with size = 64K, alignment = 8 { };
"P2":  place in [from 0x20000000 to 0x2003ffff] {
          rw, block CSTACK, block HEAP };

  Section          Kind        Address    Size  Object
  -------          ----        -------    ----  ------
"A0":                                     0x40
  .intvec          ro code  0x00000000    0x40  vector_table_M.o [5]
                          - 0x00000040    0x40

"P1":                                    0x894
  .text            ro code  0x00000040   0x794  SSD2119_Display1a.o [1]
  .text            ro code  0x000007d4    0x40  zero_init3.o [5]
  .text            ro code  0x00000814    0x28  data_init.o [5]
  .text            ro code  0x0000083c    0x22  fpinit_M.o [4]
  .iar.init_table  const    0x00000860    0x10  - Linker created -
  .text            ro code  0x00000870     0x2  vector_table_M.o [5]
  .text            ro code  0x00000874    0x1a  cmain.o [5]
  .text            ro code  0x0000088e     0x4  low_level_init.o [3]
  .text            ro code  0x00000892    0x10  main1a.o [1]
  .text            ro code  0x000008a2     0x4  exit.o [3]
  .text            ro code  0x000008a8     0xa  cexit.o [5]
  .text            ro code  0x000008b4    0x14  exit.o [6]
  .text            ro code  0x000008c8     0xc  cstartup_M.o [5]
  .rodata          const    0x000008d4     0x0  zero_init3.o [5]
                          - 0x000008d4   0x894

"P2", part 1 of 2:                         0x8
  .bss             zero     0x20000000     0x2  SSD2119_Display1a.o [1]
  .bss             zero     0x20000002     0x2  SSD2119_Display1a.o [1]
  .bss             zero     0x20000004     0x2  SSD2119_Display1a.o [1]
  .bss             zero     0x20000006     0x2  SSD2119_Display1a.o [1]
                          - 0x20000008     0x8

"P2", part 2 of 2:                      0x8000
  CSTACK                    0x20000008  0x8000  <Block>
    CSTACK         uninit   0x20000008  0x8000  <Block tail>
                          - 0x20008008  0x8000


*******************************************************************************
*** INIT TABLE
***

          Address     Size
          -------     ----
Zero (__iar_zero_init3)
    1 destination range, total size 0x8:
          0x20000000   0x8



*******************************************************************************
*** MODULE SUMMARY
***

    Module               ro code  ro data  rw data
    ------               -------  -------  -------
U:\AshtonGraves474\Lab4\Task1a\Debug\Obj: [1]
    SSD2119_Display1a.o    1 940                 8
    main1a.o                  16
    ----------------------------------------------
    Total:                 1 956                 8

command line: [2]
    ----------------------------------------------
    Total:

dl7M_tln.a: [3]
    exit.o                     4
    low_level_init.o           4
    ----------------------------------------------
    Total:                     8

m7M_tls.a: [4]
    fpinit_M.o                34
    ----------------------------------------------
    Total:                    34

rt7M_tl.a: [5]
    cexit.o                   10
    cmain.o                   26
    cstartup_M.o              12
    data_init.o               40
    vector_table_M.o          66
    zero_init3.o              64
    ----------------------------------------------
    Total:                   218

shb_l.a: [6]
    exit.o                    20
    ----------------------------------------------
    Total:                    20

    Gaps                       6        2
    Linker created                     16   32 768
--------------------------------------------------
    Grand Total:           2 242       18   32 776


*******************************************************************************
*** ENTRY LIST
***

Entry                      Address   Size  Type      Object
-----                      -------   ----  ----      ------
.iar.init_table$$Base   0x00000860          --   Gb  - Linker created -
.iar.init_table$$Limit  0x00000870          --   Gb  - Linker created -
?main                   0x00000875         Code  Gb  cmain.o [5]
CSTACK$$Base            0x20000008          --   Gb  - Linker created -
CSTACK$$Limit           0x20008008          --   Gb  - Linker created -
LCD_ColorFill           0x00000699   0x16  Code  Gb  SSD2119_Display1a.o [1]
LCD_DrawFilledRect      0x00000761   0x60  Code  Gb  SSD2119_Display1a.o [1]
LCD_GPIOInit            0x00000041  0x194  Code  Lc  SSD2119_Display1a.o [1]
LCD_Init                0x000004cd  0x1ac  Code  Gb  SSD2119_Display1a.o [1]
LCD_SetBackgroundColor  0x000006d1   0x14  Code  Gb  SSD2119_Display1a.o [1]
LCD_SetCursor           0x000006af    0xe  Code  Gb  SSD2119_Display1a.o [1]
LCD_SetTextColor        0x000006bd   0x14  Code  Gb  SSD2119_Display1a.o [1]
LCD_WriteCommand        0x000001d5  0x15a  Code  Lc  SSD2119_Display1a.o [1]
LCD_WriteData           0x0000032f  0x19e  Code  Lc  SSD2119_Display1a.o [1]
Region$$Table$$Base     0x00000860          --   Gb  - Linker created -
Region$$Table$$Limit    0x00000870          --   Gb  - Linker created -
__cmain                 0x00000875         Code  Gb  cmain.o [5]
__exit                  0x000008b5   0x14  Code  Gb  exit.o [6]
__iar_data_init3        0x00000815   0x28  Code  Gb  data_init.o [5]
__iar_init_vfp          0x0000083d         Code  Gb  fpinit_M.o [4]
__iar_program_start     0x000008c9         Code  Gb  cstartup_M.o [5]
__iar_systems$$module {Abs}
                        0x00000001         Data  Gb  command line/config [2]
__iar_zero_init3        0x000007d5   0x40  Code  Gb  zero_init3.o [5]
__low_level_init        0x0000088f    0x4  Code  Gb  low_level_init.o [3]
__vector_table          0x00000000         Data  Gb  vector_table_M.o [5]
_call_main              0x00000881         Code  Gb  cmain.o [5]
_exit                   0x000008a9         Code  Gb  cexit.o [5]
_main                   0x0000088b         Code  Gb  cmain.o [5]
backgroundColor         0x20000006    0x2  Data  Gb  SSD2119_Display1a.o [1]
convertColor            0x00000679   0x20  Code  Gb  SSD2119_Display1a.o [1]
cursorX                 0x20000000    0x2  Data  Gb  SSD2119_Display1a.o [1]
cursorY                 0x20000002    0x2  Data  Gb  SSD2119_Display1a.o [1]
exit                    0x000008a3    0x4  Code  Gb  exit.o [3]
main                    0x00000893   0x10  Code  Gb  main1a.o [1]
textColor               0x20000004    0x2  Data  Gb  SSD2119_Display1a.o [1]


[1] = U:\AshtonGraves474\Lab4\Task1a\Debug\Obj
[2] = command line
[3] = dl7M_tln.a
[4] = m7M_tls.a
[5] = rt7M_tl.a
[6] = shb_l.a

   2 242 bytes of readonly  code memory
      18 bytes of readonly  data memory
  32 776 bytes of readwrite data memory

Errors: none
Warnings: none
