###############################################################################
#
# IAR ELF Linker V8.11.3.13950/W32 for ARM                02/May/2025  18:06:40
# Copyright 2007-2017 IAR Systems AB.
#
#    Output file  =  U:\AshtonGraves474\Lab2\task2c\Debug\Exe\task2c.out
#    Map file     =  U:\AshtonGraves474\Lab2\task2c\Debug\List\task2c.map
#    Command line =  
#        -f C:\Users\graveash\AppData\Local\Temp\EWE6F8.tmp
#        (U:\AshtonGraves474\Lab2\task2c\Debug\Obj\cstartup_M.o
#        U:\AshtonGraves474\Lab2\task2c\Debug\Obj\led.o
#        U:\AshtonGraves474\Lab2\task2c\Debug\Obj\main2c.o
#        U:\AshtonGraves474\Lab2\task2c\Debug\Obj\switch.o
#        U:\AshtonGraves474\Lab2\task2c\Debug\Obj\TickFct_TrafficLight.o
#        U:\AshtonGraves474\Lab2\task2c\Debug\Obj\timer_t2c.o -o
#        U:\AshtonGraves474\Lab2\task2c\Debug\Exe\task2c.out --redirect
#        _Printf=_PrintfFullNoMb --redirect _Scanf=_ScanfFullNoMb --map
#        U:\AshtonGraves474\Lab2\task2c\Debug\List\task2c.map --config
#        "C:\Program Files (x86)\IAR Systems\Embedded Workbench
#        8.0\arm\config\linker\TexasInstruments\TM4C1294NC.icf" --semihosting
#        --entry __iar_program_start --vfe --text_out locale)
#
###############################################################################

*******************************************************************************
*** RUNTIME MODEL ATTRIBUTES
***

CppFlavor       = *
__SystemLibrary = DLib
__dlib_version  = 6


*******************************************************************************
*** HEAP SELECTION
***

The basic heap was selected because no calls to memory allocation
functions were found in the application outside of system library
functions, and there are calls to deallocation functions in the
application.


*******************************************************************************
*** PLACEMENT SUMMARY
***

"A0":  place at 0x00000000 { ro section .intvec };
"P1":  place in [from 0x00000000 to 0x000fffff] { ro };
define block CSTACK with size = 32K, alignment = 8 { };
define block HEAP with size = 64K, alignment = 8 { };
"P2":  place in [from 0x20000000 to 0x2003ffff] {
          rw, block CSTACK, block HEAP };
initialize by copy { rw };

  Section            Kind        Address    Size  Object
  -------            ----        -------    ----  ------
"A0":                                       0xa0
  .intvec            const    0x00000000    0xa0  cstartup_M.o [1]
                            - 0x000000a0    0xa0

"P1":                                      0x7b4
  .text              ro code  0x000000a0   0x290  timer_t2c.o [1]
  .text              ro code  0x00000330    0xe8  switch.o [1]
  .text              ro code  0x00000418    0xdc  TickFct_TrafficLight.o [1]
  .text              ro code  0x000004f4    0xcc  led.o [1]
  .text              ro code  0x000005c0    0xc4  main2c.o [1]
  .text              ro code  0x00000684    0x94  main2c.o [1]
  .text              ro code  0x00000718    0x2c  main2c.o [1]
  .text              ro code  0x00000744    0x2c  copy_init3.o [5]
  .text              ro code  0x00000770    0x28  data_init.o [5]
  .text              ro code  0x00000798    0x22  fpinit_M.o [4]
  .iar.init_table    const    0x000007bc    0x14  - Linker created -
  .text              ro code  0x000007d0     0x2  cstartup_M.o [1]
  .text              ro code  0x000007d4    0x1c  main2c.o [1]
  .text              ro code  0x000007f0    0x1a  cmain.o [5]
  .text              ro code  0x0000080a     0x4  low_level_init.o [3]
  .text              ro code  0x0000080e     0x4  exit.o [3]
  .text              ro code  0x00000812     0x2  cstartup_M.o [1]
  .text              ro code  0x00000814     0xa  cexit.o [5]
  .text              ro code  0x0000081e     0x2  cstartup_M.o [1]
  .text              ro code  0x00000820    0x14  exit.o [6]
  .text              ro code  0x00000834    0x10  cstartup_M.o [1]
  .text              ro code  0x00000844     0x2  cstartup_M.o [1]
  .text              ro code  0x00000846     0x2  cstartup_M.o [1]
  .text              ro code  0x00000848     0x2  cstartup_M.o [1]
  .text              ro code  0x0000084a     0x2  cstartup_M.o [1]
  .text              ro code  0x0000084c     0x2  cstartup_M.o [1]
  .text              ro code  0x0000084e     0x2  cstartup_M.o [1]
  Initializer bytes  const    0x00000850     0x4  <for P2-1>
  .rodata            const    0x00000854     0x0  copy_init3.o [5]
                            - 0x00000854   0x7b4

"P2", part 1 of 2:                           0x4
  P2-1                        0x20000000     0x1  <Init block>
    .data            inited   0x20000000     0x1  TickFct_TrafficLight.o [1]
                            - 0x20000001     0x1

"P2", part 2 of 2:                        0x8000
  CSTACK                      0x20000008  0x8000  <Block>
    CSTACK           uninit   0x20000008  0x8000  <Block tail>
                            - 0x20008008  0x8000


*******************************************************************************
*** INIT TABLE
***

          Address     Size
          -------     ----
Copy (__iar_copy_init3)
    1 source range, total size 0x4 (400% of destination):
          0x00000850   0x4
    1 destination range, total size 0x1:
          0x20000000   0x1



*******************************************************************************
*** MODULE SUMMARY
***

    Module                  ro code  ro data  rw data
    ------                  -------  -------  -------
U:\AshtonGraves474\Lab2\task2c\Debug\Obj: [1]
    TickFct_TrafficLight.o      220        1        1
    cstartup_M.o                 34      160
    led.o                       204
    main2c.o                    416
    switch.o                    232
    timer_t2c.o                 656
    -------------------------------------------------
    Total:                    1 762      161        1

command line: [2]
    -------------------------------------------------
    Total:

dl7M_tln.a: [3]
    exit.o                        4
    low_level_init.o              4
    -------------------------------------------------
    Total:                        8

m7M_tls.a: [4]
    fpinit_M.o                   34
    -------------------------------------------------
    Total:                       34

rt7M_tl.a: [5]
    cexit.o                      10
    cmain.o                      26
    copy_init3.o                 44
    data_init.o                  40
    -------------------------------------------------
    Total:                      120

shb_l.a: [6]
    exit.o                       20
    -------------------------------------------------
    Total:                       20

    Gaps                          2        2
    Linker created                        23   32 768
-----------------------------------------------------
    Grand Total:              1 946      186   32 769


*******************************************************************************
*** ENTRY LIST
***

Entry                      Address   Size  Type      Object
-----                      -------   ----  ----      ------
.iar.init_table$$Base   0x000007bc          --   Gb  - Linker created -
.iar.init_table$$Limit  0x000007d0          --   Gb  - Linker created -
?main                   0x000007f1         Code  Gb  cmain.o [5]
CSTACK$$Base            0x20000008          --   Gb  - Linker created -
CSTACK$$Limit           0x20008008          --   Gb  - Linker created -
LED_init                0x000004f5   0x62  Code  Gb  led.o [1]
LED_off                 0x00000599    0xe  Code  Gb  led.o [1]
LED_on                  0x00000557   0x42  Code  Gb  led.o [1]
PortE_Handler           0x000005c1   0xc4  Code  Wk  main2c.o [1]
Region$$Table$$Base     0x000007bc          --   Gb  - Linker created -
Region$$Table$$Limit    0x000007d0          --   Gb  - Linker created -
TL_State                0x20000000    0x1  Data  Gb  TickFct_TrafficLight.o [1]
TickFct_TrafficLight    0x00000419   0xdc  Code  Gb  TickFct_TrafficLight.o [1]
Timer0A_Handler         0x00000701   0x18  Code  Wk  main2c.o [1]
Timer1A_Handler         0x00000719   0x2c  Code  Wk  main2c.o [1]
Timer2A_Handler         0x000007d5   0x1c  Code  Wk  main2c.o [1]
__cmain                 0x000007f1         Code  Gb  cmain.o [5]
__exit                  0x00000821   0x14  Code  Gb  exit.o [6]
__iar_copy_init3        0x00000745   0x2c  Code  Gb  copy_init3.o [5]
__iar_data_init3        0x00000771   0x28  Code  Gb  data_init.o [5]
__iar_init_vfp          0x00000799         Code  Gb  fpinit_M.o [4]
__iar_program_start     0x00000835   0x10  Code  Gb  cstartup_M.o [1]
__iar_systems$$module {Abs}
                        0x00000001         Data  Gb  command line/config [2]
__low_level_init        0x0000080b    0x4  Code  Gb  low_level_init.o [3]
__vector_table          0x00000000   0xa0  Data  Gb  cstartup_M.o [1]
_call_main              0x000007fd         Code  Gb  cmain.o [5]
_exit                   0x00000815         Code  Gb  cexit.o [5]
_main                   0x00000807         Code  Gb  cmain.o [5]
exit                    0x0000080f    0x4  Code  Gb  exit.o [3]
extern_switch_init      0x00000331   0x98  Code  Gb  switch.o [1]
main                    0x00000685   0x7c  Code  Gb  main2c.o [1]
switch_input            0x000003c9   0x22  Code  Gb  switch.o [1]
timerN_init             0x000000a1  0x166  Code  Gb  timer_t2c.o [1]
timer_off               0x0000023d   0x36  Code  Gb  timer_t2c.o [1]
timer_on                0x00000207   0x36  Code  Gb  timer_t2c.o [1]
timer_sec_repeat        0x00000273   0x64  Code  Gb  timer_t2c.o [1]


[1] = U:\AshtonGraves474\Lab2\task2c\Debug\Obj
[2] = command line
[3] = dl7M_tln.a
[4] = m7M_tls.a
[5] = rt7M_tl.a
[6] = shb_l.a

   1 946 bytes of readonly  code memory
     186 bytes of readonly  data memory
  32 769 bytes of readwrite data memory

Errors: none
Warnings: none
